Archive member included to satisfy reference by file (symbol)

c:/st/stm32cubeide_1.0.0/stm32cubeide/plugins/com.st.stm32cube.ide.mcu.externaltools.gnu-tools-for-stm32.7-2018-q2-update.win32_1.4.0.202007081208/tools/bin/../lib/gcc/arm-none-eabi/7.3.1/../../../../arm-none-eabi/lib/thumb/v6-m\libc_nano.a(lib_a-errno.o)
                              Src/syscalls.o (__errno)
c:/st/stm32cubeide_1.0.0/stm32cubeide/plugins/com.st.stm32cube.ide.mcu.externaltools.gnu-tools-for-stm32.7-2018-q2-update.win32_1.4.0.202007081208/tools/bin/../lib/gcc/arm-none-eabi/7.3.1/../../../../arm-none-eabi/lib/thumb/v6-m\libc_nano.a(lib_a-exit.o)
                              c:/st/stm32cubeide_1.0.0/stm32cubeide/plugins/com.st.stm32cube.ide.mcu.externaltools.gnu-tools-for-stm32.7-2018-q2-update.win32_1.4.0.202007081208/tools/bin/../lib/gcc/arm-none-eabi/7.3.1/../../../../arm-none-eabi/lib/thumb/v6-m/crt0.o (exit)
c:/st/stm32cubeide_1.0.0/stm32cubeide/plugins/com.st.stm32cube.ide.mcu.externaltools.gnu-tools-for-stm32.7-2018-q2-update.win32_1.4.0.202007081208/tools/bin/../lib/gcc/arm-none-eabi/7.3.1/../../../../arm-none-eabi/lib/thumb/v6-m\libc_nano.a(lib_a-impure.o)
                              c:/st/stm32cubeide_1.0.0/stm32cubeide/plugins/com.st.stm32cube.ide.mcu.externaltools.gnu-tools-for-stm32.7-2018-q2-update.win32_1.4.0.202007081208/tools/bin/../lib/gcc/arm-none-eabi/7.3.1/../../../../arm-none-eabi/lib/thumb/v6-m\libc_nano.a(lib_a-exit.o) (_global_impure_ptr)
c:/st/stm32cubeide_1.0.0/stm32cubeide/plugins/com.st.stm32cube.ide.mcu.externaltools.gnu-tools-for-stm32.7-2018-q2-update.win32_1.4.0.202007081208/tools/bin/../lib/gcc/arm-none-eabi/7.3.1/../../../../arm-none-eabi/lib/thumb/v6-m\libc_nano.a(lib_a-init.o)
                              c:/st/stm32cubeide_1.0.0/stm32cubeide/plugins/com.st.stm32cube.ide.mcu.externaltools.gnu-tools-for-stm32.7-2018-q2-update.win32_1.4.0.202007081208/tools/bin/../lib/gcc/arm-none-eabi/7.3.1/../../../../arm-none-eabi/lib/thumb/v6-m/crt0.o (__libc_init_array)
c:/st/stm32cubeide_1.0.0/stm32cubeide/plugins/com.st.stm32cube.ide.mcu.externaltools.gnu-tools-for-stm32.7-2018-q2-update.win32_1.4.0.202007081208/tools/bin/../lib/gcc/arm-none-eabi/7.3.1/../../../../arm-none-eabi/lib/thumb/v6-m\libc_nano.a(lib_a-memset.o)
                              c:/st/stm32cubeide_1.0.0/stm32cubeide/plugins/com.st.stm32cube.ide.mcu.externaltools.gnu-tools-for-stm32.7-2018-q2-update.win32_1.4.0.202007081208/tools/bin/../lib/gcc/arm-none-eabi/7.3.1/../../../../arm-none-eabi/lib/thumb/v6-m/crt0.o (memset)
c:/st/stm32cubeide_1.0.0/stm32cubeide/plugins/com.st.stm32cube.ide.mcu.externaltools.gnu-tools-for-stm32.7-2018-q2-update.win32_1.4.0.202007081208/tools/bin/../lib/gcc/arm-none-eabi/7.3.1/thumb/v6-m\libgcc.a(_udivsi3.o)
                              Drivers/STM32F0xx_HAL_Driver/Src/stm32f0xx_hal.o (__aeabi_uidiv)
c:/st/stm32cubeide_1.0.0/stm32cubeide/plugins/com.st.stm32cube.ide.mcu.externaltools.gnu-tools-for-stm32.7-2018-q2-update.win32_1.4.0.202007081208/tools/bin/../lib/gcc/arm-none-eabi/7.3.1/thumb/v6-m\libgcc.a(_dvmd_tls.o)
                              c:/st/stm32cubeide_1.0.0/stm32cubeide/plugins/com.st.stm32cube.ide.mcu.externaltools.gnu-tools-for-stm32.7-2018-q2-update.win32_1.4.0.202007081208/tools/bin/../lib/gcc/arm-none-eabi/7.3.1/thumb/v6-m\libgcc.a(_udivsi3.o) (__aeabi_idiv0)

Allocating common symbols
Common symbol       size              file

MyChannels_Data     0x54              Src/tsl_user.o
MyTKeys_Param       0x46              Src/tsl_user.o
htim15              0x40              Src/main.o
ECSLastTick         0x2               Src/tsl_user.o
uwTick              0x4               Drivers/STM32F0xx_HAL_Driver/Src/stm32f0xx_hal.o
pFlash              0x20              Drivers/STM32F0xx_HAL_Driver/Src/stm32f0xx_hal_flash.o
TSL_Globals         0x18              Middlewares/ST/STM32_TouchSensing_Library/src/tsl_globals.o
huart1              0x70              Src/main.o
MyTKeys_Data        0x1c              Src/tsl_user.o
serial_data         0x1               Src/main.o
htsc                0x40              Src/main.o

Discarded input sections

 .text          0x0000000000000000        0x0 c:/st/stm32cubeide_1.0.0/stm32cubeide/plugins/com.st.stm32cube.ide.mcu.externaltools.gnu-tools-for-stm32.7-2018-q2-update.win32_1.4.0.202007081208/tools/bin/../lib/gcc/arm-none-eabi/7.3.1/thumb/v6-m/crti.o
 .data          0x0000000000000000        0x0 c:/st/stm32cubeide_1.0.0/stm32cubeide/plugins/com.st.stm32cube.ide.mcu.externaltools.gnu-tools-for-stm32.7-2018-q2-update.win32_1.4.0.202007081208/tools/bin/../lib/gcc/arm-none-eabi/7.3.1/thumb/v6-m/crti.o
 .bss           0x0000000000000000        0x0 c:/st/stm32cubeide_1.0.0/stm32cubeide/plugins/com.st.stm32cube.ide.mcu.externaltools.gnu-tools-for-stm32.7-2018-q2-update.win32_1.4.0.202007081208/tools/bin/../lib/gcc/arm-none-eabi/7.3.1/thumb/v6-m/crti.o
[...]
Memory Configuration

Name             Origin             Length             Attributes
FLASH            0x0000000008000000 0x0000000000010000 xr
RAM              0x0000000020000000 0x0000000000002000 xrw
*default*        0x0000000000000000 0xffffffffffffffff

Linker script and memory map

LOAD c:/st/stm32cubeide_1.0.0/stm32cubeide/plugins/com.st.stm32cube.ide.mcu.externaltools.gnu-tools-for-stm32.7-2018-q2-update.win32_1.4.0.202007081208/tools/bin/../lib/gcc/arm-none-eabi/7.3.1/thumb/v6-m/crti.o
LOAD c:/st/stm32cubeide_1.0.0/stm32cubeide/plugins/com.st.stm32cube.ide.mcu.externaltools.gnu-tools-for-stm32.7-2018-q2-update.win32_1.4.0.202007081208/tools/bin/../lib/gcc/arm-none-eabi/7.3.1/thumb/v6-m/crtbegin.o
LOAD c:/st/stm32cubeide_1.0.0/stm32cubeide/plugins/com.st.stm32cube.ide.mcu.externaltools.gnu-tools-for-stm32.7-2018-q2-update.win32_1.4.0.202007081208/tools/bin/../lib/gcc/arm-none-eabi/7.3.1/../../../../arm-none-eabi/lib/thumb/v6-m/crt0.o
LOAD Drivers/STM32F0xx_HAL_Driver/Src/stm32f0xx_hal.o
LOAD Drivers/STM32F0xx_HAL_Driver/Src/stm32f0xx_hal_cortex.o
LOAD Drivers/STM32F0xx_HAL_Driver/Src/stm32f0xx_hal_dma.o
LOAD Drivers/STM32F0xx_HAL_Driver/Src/stm32f0xx_hal_flash.o
LOAD Drivers/STM32F0xx_HAL_Driver/Src/stm32f0xx_hal_flash_ex.o
LOAD Drivers/STM32F0xx_HAL_Driver/Src/stm32f0xx_hal_gpio.o
LOAD Drivers/STM32F0xx_HAL_Driver/Src/stm32f0xx_hal_i2c.o
LOAD Drivers/STM32F0xx_HAL_Driver/Src/stm32f0xx_hal_i2c_ex.o
LOAD Drivers/STM32F0xx_HAL_Driver/Src/stm32f0xx_hal_pwr.o
LOAD Drivers/STM32F0xx_HAL_Driver/Src/stm32f0xx_hal_pwr_ex.o
LOAD Drivers/STM32F0xx_HAL_Driver/Src/stm32f0xx_hal_rcc.o
LOAD Drivers/STM32F0xx_HAL_Driver/Src/stm32f0xx_hal_rcc_ex.o
LOAD Drivers/STM32F0xx_HAL_Driver/Src/stm32f0xx_hal_tim.o
LOAD Drivers/STM32F0xx_HAL_Driver/Src/stm32f0xx_hal_tim_ex.o
LOAD Drivers/STM32F0xx_HAL_Driver/Src/stm32f0xx_hal_tsc.o
LOAD Drivers/STM32F0xx_HAL_Driver/Src/stm32f0xx_hal_uart.o
LOAD Drivers/STM32F0xx_HAL_Driver/Src/stm32f0xx_hal_uart_ex.o
LOAD Middlewares/ST/STM32_TouchSensing_Library/src/tsl.o
LOAD Middlewares/ST/STM32_TouchSensing_Library/src/tsl_acq.o
LOAD Middlewares/ST/STM32_TouchSensing_Library/src/tsl_acq_tsc.o
LOAD Middlewares/ST/STM32_TouchSensing_Library/src/tsl_dxs.o
LOAD Middlewares/ST/STM32_TouchSensing_Library/src/tsl_ecs.o
LOAD Middlewares/ST/STM32_TouchSensing_Library/src/tsl_filter.o
LOAD Middlewares/ST/STM32_TouchSensing_Library/src/tsl_globals.o
LOAD Middlewares/ST/STM32_TouchSensing_Library/src/tsl_linrot.o
LOAD Middlewares/ST/STM32_TouchSensing_Library/src/tsl_object.o
LOAD Middlewares/ST/STM32_TouchSensing_Library/src/tsl_time.o
LOAD Middlewares/ST/STM32_TouchSensing_Library/src/tsl_touchkey.o
LOAD Src/main.o
LOAD Src/stm32f0xx_hal_msp.o
LOAD Src/stm32f0xx_it.o
LOAD Src/stmCriticalSection.o
LOAD Src/syscalls.o
LOAD Src/sysmem.o
LOAD Src/system_stm32f0xx.o
LOAD Src/task.o
LOAD Src/touchkey.o
LOAD Src/touchsensing.o
LOAD Src/tsl_user.o
LOAD Startup/startup_stm32f051c8tx.o
START GROUP
LOAD c:/st/stm32cubeide_1.0.0/stm32cubeide/plugins/com.st.stm32cube.ide.mcu.externaltools.gnu-tools-for-stm32.7-2018-q2-update.win32_1.4.0.202007081208/tools/bin/../lib/gcc/arm-none-eabi/7.3.1/../../../../arm-none-eabi/lib/thumb/v6-m\libc_nano.a
LOAD c:/st/stm32cubeide_1.0.0/stm32cubeide/plugins/com.st.stm32cube.ide.mcu.externaltools.gnu-tools-for-stm32.7-2018-q2-update.win32_1.4.0.202007081208/tools/bin/../lib/gcc/arm-none-eabi/7.3.1/../../../../arm-none-eabi/lib/thumb/v6-m\libm.a
END GROUP
START GROUP
LOAD c:/st/stm32cubeide_1.0.0/stm32cubeide/plugins/com.st.stm32cube.ide.mcu.externaltools.gnu-tools-for-stm32.7-2018-q2-update.win32_1.4.0.202007081208/tools/bin/../lib/gcc/arm-none-eabi/7.3.1/thumb/v6-m\libgcc.a
LOAD c:/st/stm32cubeide_1.0.0/stm32cubeide/plugins/com.st.stm32cube.ide.mcu.externaltools.gnu-tools-for-stm32.7-2018-q2-update.win32_1.4.0.202007081208/tools/bin/../lib/gcc/arm-none-eabi/7.3.1/../../../../arm-none-eabi/lib/thumb/v6-m\libc_nano.a
END GROUP
START GROUP
LOAD c:/st/stm32cubeide_1.0.0/stm32cubeide/plugins/com.st.stm32cube.ide.mcu.externaltools.gnu-tools-for-stm32.7-2018-q2-update.win32_1.4.0.202007081208/tools/bin/../lib/gcc/arm-none-eabi/7.3.1/thumb/v6-m\libgcc.a
LOAD c:/st/stm32cubeide_1.0.0/stm32cubeide/plugins/com.st.stm32cube.ide.mcu.externaltools.gnu-tools-for-stm32.7-2018-q2-update.win32_1.4.0.202007081208/tools/bin/../lib/gcc/arm-none-eabi/7.3.1/../../../../arm-none-eabi/lib/thumb/v6-m\libc_nano.a
LOAD c:/st/stm32cubeide_1.0.0/stm32cubeide/plugins/com.st.stm32cube.ide.mcu.externaltools.gnu-tools-for-stm32.7-2018-q2-update.win32_1.4.0.202007081208/tools/bin/../lib/gcc/arm-none-eabi/7.3.1/../../../../arm-none-eabi/lib/thumb/v6-m\libnosys.a
END GROUP
START GROUP
LOAD c:/st/stm32cubeide_1.0.0/stm32cubeide/plugins/com.st.stm32cube.ide.mcu.externaltools.gnu-tools-for-stm32.7-2018-q2-update.win32_1.4.0.202007081208/tools/bin/../lib/gcc/arm-none-eabi/7.3.1/thumb/v6-m\libgcc.a
LOAD c:/st/stm32cubeide_1.0.0/stm32cubeide/plugins/com.st.stm32cube.ide.mcu.externaltools.gnu-tools-for-stm32.7-2018-q2-update.win32_1.4.0.202007081208/tools/bin/../lib/gcc/arm-none-eabi/7.3.1/../../../../arm-none-eabi/lib/thumb/v6-m\libc_nano.a
LOAD c:/st/stm32cubeide_1.0.0/stm32cubeide/plugins/com.st.stm32cube.ide.mcu.externaltools.gnu-tools-for-stm32.7-2018-q2-update.win32_1.4.0.202007081208/tools/bin/../lib/gcc/arm-none-eabi/7.3.1/../../../../arm-none-eabi/lib/thumb/v6-m\libnosys.a
END GROUP
LOAD c:/st/stm32cubeide_1.0.0/stm32cubeide/plugins/com.st.stm32cube.ide.mcu.externaltools.gnu-tools-for-stm32.7-2018-q2-update.win32_1.4.0.202007081208/tools/bin/../lib/gcc/arm-none-eabi/7.3.1/thumb/v6-m/crtend.o
LOAD c:/st/stm32cubeide_1.0.0/stm32cubeide/plugins/com.st.stm32cube.ide.mcu.externaltools.gnu-tools-for-stm32.7-2018-q2-update.win32_1.4.0.202007081208/tools/bin/../lib/gcc/arm-none-eabi/7.3.1/thumb/v6-m/crtn.o
                0x0000000020001fff                _estack = 0x20001fff
                0x0000000000000200                _Min_Heap_Size = 0x200
                0x0000000000000400                _Min_Stack_Size = 0x400

.isr_vector     0x0000000008000000       0xc0
                0x0000000008000000                . = ALIGN (0x4)
 *(.isr_vector)
 .isr_vector    0x0000000008000000       0xc0 Startup/startup_stm32f051c8tx.o
                0x0000000008000000                g_pfnVectors
                0x00000000080000c0                . = ALIGN (0x4)

.text           0x00000000080000c0     0x4874
                0x00000000080000c0                . = ALIGN (0x4)
 *(.text)
 .text          0x00000000080000c0       0x48 c:/st/stm32cubeide_1.0.0/stm32cubeide/plugins/com.st.stm32cube.ide.mcu.externaltools.gnu-tools-for-stm32.7-2018-q2-update.win32_1.4.0.202007081208/tools/bin/../lib/gcc/arm-none-eabi/7.3.1/thumb/v6-m/crtbegin.o
 .text          0x0000000008000108      0x114 c:/st/stm32cubeide_1.0.0/stm32cubeide/plugins/com.st.stm32cube.ide.mcu.externaltools.gnu-tools-for-stm32.7-2018-q2-update.win32_1.4.0.202007081208/tools/bin/../lib/gcc/arm-none-eabi/7.3.1/thumb/v6-m\libgcc.a(_udivsi3.o)
                0x0000000008000108                __aeabi_uidiv
                0x0000000008000108                __udivsi3
                0x0000000008000214                __aeabi_uidivmod
 .text          0x000000000800021c        0x4 c:/st/stm32cubeide_1.0.0/stm32cubeide/plugins/com.st.stm32cube.ide.mcu.externaltools.gnu-tools-for-stm32.7-2018-q2-update.win32_1.4.0.202007081208/tools/bin/../lib/gcc/arm-none-eabi/7.3.1/thumb/v6-m\libgcc.a(_dvmd_tls.o)
                0x000000000800021c                __aeabi_idiv0
                0x000000000800021c                __aeabi_ldiv0
 *(.text*)
 .text.HAL_Init
                0x0000000008000220       0x28 Drivers/STM32F0xx_HAL_Driver/Src/stm32f0xx_hal.o
                0x0000000008000220                HAL_Init
 .text.HAL_InitTick
                0x0000000008000248       0x38 Drivers/STM32F0xx_HAL_Driver/Src/stm32f0xx_hal.o
                0x0000000008000248                HAL_InitTick
 .text.HAL_IncTick
                0x0000000008000280       0x18 Drivers/STM32F0xx_HAL_Driver/Src/stm32f0xx_hal.o
                0x0000000008000280                HAL_IncTick
 .text.HAL_GetTick
                0x0000000008000298       0x14 Drivers/STM32F0xx_HAL_Driver/Src/stm32f0xx_hal.o
                0x0000000008000298                HAL_GetTick
 .text.HAL_Delay
                0x00000000080002ac       0x3a Drivers/STM32F0xx_HAL_Driver/Src/stm32f0xx_hal.o
                0x00000000080002ac                HAL_Delay
 *fill*         0x00000000080002e6        0x2 
 .text.NVIC_EnableIRQ
                0x00000000080002e8       0x2c Drivers/STM32F0xx_HAL_Driver/Src/stm32f0xx_hal_cortex.o
 .text.NVIC_SetPriority
                0x0000000008000314       0xdc Drivers/STM32F0xx_HAL_Driver/Src/stm32f0xx_hal_cortex.o
 .text.SysTick_Config
                0x00000000080003f0       0x48 Drivers/STM32F0xx_HAL_Driver/Src/stm32f0xx_hal_cortex.o
 .text.HAL_NVIC_SetPriority
                0x0000000008000438       0x2a Drivers/STM32F0xx_HAL_Driver/Src/stm32f0xx_hal_cortex.o
                0x0000000008000438                HAL_NVIC_SetPriority
 .text.HAL_NVIC_EnableIRQ
                0x0000000008000462       0x20 Drivers/STM32F0xx_HAL_Driver/Src/stm32f0xx_hal_cortex.o
                0x0000000008000462                HAL_NVIC_EnableIRQ
 .text.HAL_SYSTICK_Config
                0x0000000008000482       0x1a Drivers/STM32F0xx_HAL_Driver/Src/stm32f0xx_hal_cortex.o
                0x0000000008000482                HAL_SYSTICK_Config
 .text.HAL_GPIO_Init
                0x000000000800049c      0x2e8 Drivers/STM32F0xx_HAL_Driver/Src/stm32f0xx_hal_gpio.o
                0x000000000800049c                HAL_GPIO_Init
 .text.HAL_RCC_OscConfig
                0x0000000008000784      0x5e8 Drivers/STM32F0xx_HAL_Driver/Src/stm32f0xx_hal_rcc.o
                0x0000000008000784                HAL_RCC_OscConfig
 .text.HAL_RCC_ClockConfig
                0x0000000008000d6c      0x1d0 Drivers/STM32F0xx_HAL_Driver/Src/stm32f0xx_hal_rcc.o
                0x0000000008000d6c                HAL_RCC_ClockConfig
 .text.HAL_RCC_EnableCSS
                0x0000000008000f3c       0x1c Drivers/STM32F0xx_HAL_Driver/Src/stm32f0xx_hal_rcc.o
                0x0000000008000f3c                HAL_RCC_EnableCSS
 .text.HAL_RCC_GetSysClockFreq
                0x0000000008000f58       0xc8 Drivers/STM32F0xx_HAL_Driver/Src/stm32f0xx_hal_rcc.o
                0x0000000008000f58                HAL_RCC_GetSysClockFreq
 .text.HAL_RCC_GetHCLKFreq
                0x0000000008001020       0x14 Drivers/STM32F0xx_HAL_Driver/Src/stm32f0xx_hal_rcc.o
                0x0000000008001020                HAL_RCC_GetHCLKFreq
 .text.HAL_RCC_GetPCLK1Freq
                0x0000000008001034       0x2c Drivers/STM32F0xx_HAL_Driver/Src/stm32f0xx_hal_rcc.o
                0x0000000008001034                HAL_RCC_GetPCLK1Freq
 .text.HAL_RCCEx_PeriphCLKConfig
                0x0000000008001060      0x1bc Drivers/STM32F0xx_HAL_Driver/Src/stm32f0xx_hal_rcc_ex.o
                0x0000000008001060                HAL_RCCEx_PeriphCLKConfig
 .text.HAL_TIM_Base_Init
                0x000000000800121c       0x58 Drivers/STM32F0xx_HAL_Driver/Src/stm32f0xx_hal_tim.o
                0x000000000800121c                HAL_TIM_Base_Init
 .text.HAL_TIM_Base_Start_IT
                0x0000000008001274       0x32 Drivers/STM32F0xx_HAL_Driver/Src/stm32f0xx_hal_tim.o
                0x0000000008001274                HAL_TIM_Base_Start_IT
 .text.HAL_TIM_IRQHandler
                0x00000000080012a6      0x22c Drivers/STM32F0xx_HAL_Driver/Src/stm32f0xx_hal_tim.o
                0x00000000080012a6                HAL_TIM_IRQHandler
 *fill*         0x00000000080014d2        0x2 
 .text.HAL_TIM_ConfigClockSource
                0x00000000080014d4      0x1c0 Drivers/STM32F0xx_HAL_Driver/Src/stm32f0xx_hal_tim.o
                0x00000000080014d4                HAL_TIM_ConfigClockSource
 .text.HAL_TIM_OC_DelayElapsedCallback
                0x0000000008001694       0x10 Drivers/STM32F0xx_HAL_Driver/Src/stm32f0xx_hal_tim.o
                0x0000000008001694                HAL_TIM_OC_DelayElapsedCallback
 .text.HAL_TIM_IC_CaptureCallback
                0x00000000080016a4       0x10 Drivers/STM32F0xx_HAL_Driver/Src/stm32f0xx_hal_tim.o
                0x00000000080016a4                HAL_TIM_IC_CaptureCallback
 .text.HAL_TIM_PWM_PulseFinishedCallback
                0x00000000080016b4       0x10 Drivers/STM32F0xx_HAL_Driver/Src/stm32f0xx_hal_tim.o
                0x00000000080016b4                HAL_TIM_PWM_PulseFinishedCallback
 .text.HAL_TIM_TriggerCallback
                0x00000000080016c4       0x10 Drivers/STM32F0xx_HAL_Driver/Src/stm32f0xx_hal_tim.o
                0x00000000080016c4                HAL_TIM_TriggerCallback
 .text.TIM_Base_SetConfig
                0x00000000080016d4      0x104 Drivers/STM32F0xx_HAL_Driver/Src/stm32f0xx_hal_tim.o
                0x00000000080016d4                TIM_Base_SetConfig
 .text.TIM_TI1_ConfigInputStage
                0x00000000080017d8       0x64 Drivers/STM32F0xx_HAL_Driver/Src/stm32f0xx_hal_tim.o
 .text.TIM_TI2_ConfigInputStage
                0x000000000800183c       0x6c Drivers/STM32F0xx_HAL_Driver/Src/stm32f0xx_hal_tim.o
 .text.TIM_ITRx_SetConfig
                0x00000000080018a8       0x40 Drivers/STM32F0xx_HAL_Driver/Src/stm32f0xx_hal_tim.o
 .text.TIM_ETR_SetConfig
                0x00000000080018e8       0x44 Drivers/STM32F0xx_HAL_Driver/Src/stm32f0xx_hal_tim.o
                0x00000000080018e8                TIM_ETR_SetConfig
 .text.HAL_TIMEx_MasterConfigSynchronization
                0x000000000800192c       0x86 Drivers/STM32F0xx_HAL_Driver/Src/stm32f0xx_hal_tim_ex.o
                0x000000000800192c                HAL_TIMEx_MasterConfigSynchronization
 .text.HAL_TIMEx_CommutationCallback
                0x00000000080019b2       0x10 Drivers/STM32F0xx_HAL_Driver/Src/stm32f0xx_hal_tim_ex.o
                0x00000000080019b2                HAL_TIMEx_CommutationCallback
 .text.HAL_TIMEx_BreakCallback
                0x00000000080019c2       0x10 Drivers/STM32F0xx_HAL_Driver/Src/stm32f0xx_hal_tim_ex.o
                0x00000000080019c2                HAL_TIMEx_BreakCallback
 .text.HAL_TSC_Init
                0x00000000080019d2      0x104 Drivers/STM32F0xx_HAL_Driver/Src/stm32f0xx_hal_tsc.o
                0x00000000080019d2                HAL_TSC_Init
 .text.HAL_TSC_Start_IT
                0x0000000008001ad6       0xb4 Drivers/STM32F0xx_HAL_Driver/Src/stm32f0xx_hal_tsc.o
                0x0000000008001ad6                HAL_TSC_Start_IT
 .text.TSC_extract_groups
                0x0000000008001b8a       0x46 Drivers/STM32F0xx_HAL_Driver/Src/stm32f0xx_hal_tsc.o
 .text.HAL_UART_Init
                0x0000000008001bd0       0xb0 Drivers/STM32F0xx_HAL_Driver/Src/stm32f0xx_hal_uart.o
                0x0000000008001bd0                HAL_UART_Init
 .text.HAL_UART_Transmit
                0x0000000008001c80      0x146 Drivers/STM32F0xx_HAL_Driver/Src/stm32f0xx_hal_uart.o
                0x0000000008001c80                HAL_UART_Transmit
 *fill*         0x0000000008001dc6        0x2 
 .text.UART_SetConfig
                0x0000000008001dc8      0x2ec Drivers/STM32F0xx_HAL_Driver/Src/stm32f0xx_hal_uart.o
                0x0000000008001dc8                UART_SetConfig
 .text.UART_AdvFeatureConfig
                0x00000000080020b4      0x168 Drivers/STM32F0xx_HAL_Driver/Src/stm32f0xx_hal_uart.o
                0x00000000080020b4                UART_AdvFeatureConfig
 .text.UART_CheckIdleState
                0x000000000800221c       0xa4 Drivers/STM32F0xx_HAL_Driver/Src/stm32f0xx_hal_uart.o
                0x000000000800221c                UART_CheckIdleState
 .text.UART_WaitOnFlagUntilTimeout
                0x00000000080022c0       0x98 Drivers/STM32F0xx_HAL_Driver/Src/stm32f0xx_hal_uart.o
                0x00000000080022c0                UART_WaitOnFlagUntilTimeout
 .text.TSL_Init
                0x0000000008002358       0x5c Middlewares/ST/STM32_TouchSensing_Library/src/tsl.o
                0x0000000008002358                TSL_Init
 .text.TSL_acq_BankGetResult
                0x00000000080023b4      0x328 Middlewares/ST/STM32_TouchSensing_Library/src/tsl_acq.o
                0x00000000080023b4                TSL_acq_BankGetResult
 .text.TSL_acq_BankConfig
                0x00000000080026dc       0xd8 Middlewares/ST/STM32_TouchSensing_Library/src/tsl_acq_tsc.o
                0x00000000080026dc                TSL_acq_BankConfig
 .text.TSL_acq_BankStartAcq
                0x00000000080027b4       0x40 Middlewares/ST/STM32_TouchSensing_Library/src/tsl_acq_tsc.o
                0x00000000080027b4                TSL_acq_BankStartAcq
 .text.TSL_acq_BankWaitEOC
                0x00000000080027f4       0x40 Middlewares/ST/STM32_TouchSensing_Library/src/tsl_acq_tsc.o
                0x00000000080027f4                TSL_acq_BankWaitEOC
 .text.TSL_acq_GetMeas
                0x0000000008002834       0x38 Middlewares/ST/STM32_TouchSensing_Library/src/tsl_acq_tsc.o
                0x0000000008002834                TSL_acq_GetMeas
 .text.TSL_acq_ComputeDelta
                0x000000000800286c       0x28 Middlewares/ST/STM32_TouchSensing_Library/src/tsl_acq_tsc.o
                0x000000000800286c                TSL_acq_ComputeDelta
 .text.TSL_acq_ComputeMeas
                0x0000000008002894       0x26 Middlewares/ST/STM32_TouchSensing_Library/src/tsl_acq_tsc.o
                0x0000000008002894                TSL_acq_ComputeMeas
 .text.TSL_acq_CheckNoise
                0x00000000080028ba        0xc Middlewares/ST/STM32_TouchSensing_Library/src/tsl_acq_tsc.o
                0x00000000080028ba                TSL_acq_CheckNoise
 .text.TSL_acq_UseFilter
                0x00000000080028c6       0x12 Middlewares/ST/STM32_TouchSensing_Library/src/tsl_acq_tsc.o
                0x00000000080028c6                TSL_acq_UseFilter
 .text.TSL_acq_TestReferenceOutOfRange
                0x00000000080028d8       0x12 Middlewares/ST/STM32_TouchSensing_Library/src/tsl_acq_tsc.o
                0x00000000080028d8                TSL_acq_TestReferenceOutOfRange
 .text.TSL_acq_TestFirstReferenceIsValid
                0x00000000080028ea       0x18 Middlewares/ST/STM32_TouchSensing_Library/src/tsl_acq_tsc.o
                0x00000000080028ea                TSL_acq_TestFirstReferenceIsValid
 .text.SoftDelay
                0x0000000008002902       0x22 Middlewares/ST/STM32_TouchSensing_Library/src/tsl_acq_tsc.o
 .text.TSL_dxs_FirstObj
                0x0000000008002924       0x10 Middlewares/ST/STM32_TouchSensing_Library/src/tsl_dxs.o
                0x0000000008002924                TSL_dxs_FirstObj
 .text.TSL_ecs_CalcK
                0x0000000008002934      0x1a0 Middlewares/ST/STM32_TouchSensing_Library/src/tsl_ecs.o
                0x0000000008002934                TSL_ecs_CalcK
 .text.TSL_ecs_ProcessK
                0x0000000008002ad4      0x174 Middlewares/ST/STM32_TouchSensing_Library/src/tsl_ecs.o
                0x0000000008002ad4                TSL_ecs_ProcessK
 .text.TSL_ecs_Process
                0x0000000008002c48       0xe0 Middlewares/ST/STM32_TouchSensing_Library/src/tsl_ecs.o
                0x0000000008002c48                TSL_ecs_Process
 .text.TSL_obj_GroupInit
                0x0000000008002d28       0xb8 Middlewares/ST/STM32_TouchSensing_Library/src/tsl_object.o
                0x0000000008002d28                TSL_obj_GroupInit
 .text.TSL_obj_GroupProcess
                0x0000000008002de0       0xb8 Middlewares/ST/STM32_TouchSensing_Library/src/tsl_object.o
                0x0000000008002de0                TSL_obj_GroupProcess
 .text.TSL_obj_SetGlobalObj
                0x0000000008002e98       0x30 Middlewares/ST/STM32_TouchSensing_Library/src/tsl_object.o
                0x0000000008002e98                TSL_obj_SetGlobalObj
 .text.TSL_tim_ProcessIT
                0x0000000008002ec8       0x58 Middlewares/ST/STM32_TouchSensing_Library/src/tsl_time.o
                0x0000000008002ec8                TSL_tim_ProcessIT
 .text.TSL_tim_CheckDelay_ms
                0x0000000008002f20       0xbc Middlewares/ST/STM32_TouchSensing_Library/src/tsl_time.o
                0x0000000008002f20                TSL_tim_CheckDelay_ms
 .text.TSL_tkey_Init
                0x0000000008002fdc       0x78 Middlewares/ST/STM32_TouchSensing_Library/src/tsl_touchkey.o
                0x0000000008002fdc                TSL_tkey_Init
 .text.TSL_tkey_Process
                0x0000000008003054       0x98 Middlewares/ST/STM32_TouchSensing_Library/src/tsl_touchkey.o
                0x0000000008003054                TSL_tkey_Process
 .text.TSL_tkey_SetStateCalibration
                0x00000000080030ec       0x94 Middlewares/ST/STM32_TouchSensing_Library/src/tsl_touchkey.o
                0x00000000080030ec                TSL_tkey_SetStateCalibration
 .text.TSL_tkey_GetStateMask
                0x0000000008003180       0x40 Middlewares/ST/STM32_TouchSensing_Library/src/tsl_touchkey.o
                0x0000000008003180                TSL_tkey_GetStateMask
 .text.TSL_tkey_DebReleaseProxStateProcess
                0x00000000080031c0       0x84 Middlewares/ST/STM32_TouchSensing_Library/src/tsl_touchkey.o
                0x00000000080031c0                TSL_tkey_DebReleaseProxStateProcess
 .text.TSL_tkey_DebReleaseDetectStateProcess
                0x0000000008003244       0xa8 Middlewares/ST/STM32_TouchSensing_Library/src/tsl_touchkey.o
                0x0000000008003244                TSL_tkey_DebReleaseDetectStateProcess
 .text.TSL_tkey_DebReleaseTouchStateProcess
                0x00000000080032ec       0xa8 Middlewares/ST/STM32_TouchSensing_Library/src/tsl_touchkey.o
                0x00000000080032ec                TSL_tkey_DebReleaseTouchStateProcess
 .text.TSL_tkey_ReleaseStateProcess
                0x0000000008003394      0x138 Middlewares/ST/STM32_TouchSensing_Library/src/tsl_touchkey.o
                0x0000000008003394                TSL_tkey_ReleaseStateProcess
 .text.TSL_tkey_DebCalibrationStateProcess
                0x00000000080034cc       0x84 Middlewares/ST/STM32_TouchSensing_Library/src/tsl_touchkey.o
                0x00000000080034cc                TSL_tkey_DebCalibrationStateProcess
 .text.TSL_tkey_CalibrationStateProcess
                0x0000000008003550      0x14c Middlewares/ST/STM32_TouchSensing_Library/src/tsl_touchkey.o
                0x0000000008003550                TSL_tkey_CalibrationStateProcess
 .text.TSL_tkey_DebProxStateProcess
                0x000000000800369c       0xd0 Middlewares/ST/STM32_TouchSensing_Library/src/tsl_touchkey.o
                0x000000000800369c                TSL_tkey_DebProxStateProcess
 .text.TSL_tkey_DebProxDetectStateProcess
                0x000000000800376c       0xd0 Middlewares/ST/STM32_TouchSensing_Library/src/tsl_touchkey.o
                0x000000000800376c                TSL_tkey_DebProxDetectStateProcess
 .text.TSL_tkey_DebProxTouchStateProcess
                0x000000000800383c       0xd0 Middlewares/ST/STM32_TouchSensing_Library/src/tsl_touchkey.o
                0x000000000800383c                TSL_tkey_DebProxTouchStateProcess
 .text.TSL_tkey_ProxStateProcess
                0x000000000800390c       0xf0 Middlewares/ST/STM32_TouchSensing_Library/src/tsl_touchkey.o
                0x000000000800390c                TSL_tkey_ProxStateProcess
 .text.TSL_tkey_DebDetectStateProcess
                0x00000000080039fc       0xd0 Middlewares/ST/STM32_TouchSensing_Library/src/tsl_touchkey.o
                0x00000000080039fc                TSL_tkey_DebDetectStateProcess
 .text.TSL_tkey_DetectStateProcess
                0x0000000008003acc       0xf0 Middlewares/ST/STM32_TouchSensing_Library/src/tsl_touchkey.o
                0x0000000008003acc                TSL_tkey_DetectStateProcess
 .text.TSL_tkey_TouchStateProcess
                0x0000000008003bbc       0xf0 Middlewares/ST/STM32_TouchSensing_Library/src/tsl_touchkey.o
                0x0000000008003bbc                TSL_tkey_TouchStateProcess
 .text.TSL_tkey_DebErrorStateProcess
                0x0000000008003cac       0xcc Middlewares/ST/STM32_TouchSensing_Library/src/tsl_touchkey.o
                0x0000000008003cac                TSL_tkey_DebErrorStateProcess
 .text.main     0x0000000008003d78       0x7c Src/main.o
                0x0000000008003d78                main
 .text.SystemClock_Config
                0x0000000008003df4       0xc0 Src/main.o
                0x0000000008003df4                SystemClock_Config
 .text.MX_TIM15_Init
                0x0000000008003eb4       0xb0 Src/main.o
 .text.MX_TSC_Init
                0x0000000008003f64       0x8c Src/main.o
 .text.MX_USART1_UART_Init
                0x0000000008003ff0       0x60 Src/main.o
 .text.MX_GPIO_Init
                0x0000000008004050       0x68 Src/main.o
 .text.Error_Handler
                0x00000000080040b8        0xa Src/main.o
                0x00000000080040b8                Error_Handler
 *fill*         0x00000000080040c2        0x2 
 .text.HAL_MspInit
                0x00000000080040c4       0x48 Src/stm32f0xx_hal_msp.o
                0x00000000080040c4                HAL_MspInit
 .text.HAL_TIM_Base_MspInit
                0x000000000800410c       0x50 Src/stm32f0xx_hal_msp.o
                0x000000000800410c                HAL_TIM_Base_MspInit
 .text.HAL_TSC_MspInit
                0x000000000800415c       0xd0 Src/stm32f0xx_hal_msp.o
                0x000000000800415c                HAL_TSC_MspInit
 .text.HAL_UART_MspInit
                0x000000000800422c       0x9c Src/stm32f0xx_hal_msp.o
                0x000000000800422c                HAL_UART_MspInit
 .text.NMI_Handler
                0x00000000080042c8        0xa Src/stm32f0xx_it.o
                0x00000000080042c8                NMI_Handler
 .text.HardFault_Handler
                0x00000000080042d2        0x6 Src/stm32f0xx_it.o
                0x00000000080042d2                HardFault_Handler
 .text.SVC_Handler
                0x00000000080042d8        0xa Src/stm32f0xx_it.o
                0x00000000080042d8                SVC_Handler
 .text.PendSV_Handler
                0x00000000080042e2        0xa Src/stm32f0xx_it.o
                0x00000000080042e2                PendSV_Handler
 .text.SysTick_Handler
                0x00000000080042ec       0x12 Src/stm32f0xx_it.o
                0x00000000080042ec                SysTick_Handler
 *fill*         0x00000000080042fe        0x2 
 .text.TIM15_IRQHandler
                0x0000000008004300       0x18 Src/stm32f0xx_it.o
                0x0000000008004300                TIM15_IRQHandler
 .text.SystemInit
                0x0000000008004318       0x88 Src/system_stm32f0xx.o
                0x0000000008004318                SystemInit
 .text.HAL_TIM_PeriodElapsedCallback
                0x00000000080043a0       0x20 Src/task.o
                0x00000000080043a0                HAL_TIM_PeriodElapsedCallback
 .text.touchkey_scan
                0x00000000080043c0      0x36c Src/touchkey.o
                0x00000000080043c0                touchkey_scan
 .text.MX_TOUCHSENSING_Init
                0x000000000800472c        0xe Src/touchsensing.o
                0x000000000800472c                MX_TOUCHSENSING_Init
 *fill*         0x000000000800473a        0x2 
 .text.tsl_user_Init
                0x000000000800473c       0x28 Src/tsl_user.o
                0x000000000800473c                tsl_user_Init
 .text.tsl_user_Exec
                0x0000000008004764       0xd0 Src/tsl_user.o
                0x0000000008004764                tsl_user_Exec
 .text.tsl_user_SetThresholds
                0x0000000008004834       0x28 Src/tsl_user.o
                0x0000000008004834                tsl_user_SetThresholds
 .text.MyTKeys_ErrorStateProcess
                0x000000000800485c        0xa Src/tsl_user.o
                0x000000000800485c                MyTKeys_ErrorStateProcess
 .text.MyTKeys_OffStateProcess
                0x0000000008004866        0xa Src/tsl_user.o
                0x0000000008004866                MyTKeys_OffStateProcess
 .text.Reset_Handler
                0x0000000008004870       0x50 Startup/startup_stm32f051c8tx.o
                0x0000000008004870                Reset_Handler
 .text.Default_Handler
                0x00000000080048c0        0x2 Startup/startup_stm32f051c8tx.o
                0x00000000080048c0                TIM1_CC_IRQHandler
                0x00000000080048c0                TSC_IRQHandler
                0x00000000080048c0                ADC1_COMP_IRQHandler
                0x00000000080048c0                PVD_IRQHandler
                0x00000000080048c0                I2C1_IRQHandler
                0x00000000080048c0                RCC_CRS_IRQHandler
                0x00000000080048c0                SPI1_IRQHandler
                0x00000000080048c0                TIM6_DAC_IRQHandler
                0x00000000080048c0                EXTI2_3_IRQHandler
                0x00000000080048c0                I2C2_IRQHandler
                0x00000000080048c0                TIM17_IRQHandler
                0x00000000080048c0                CEC_CAN_IRQHandler
                0x00000000080048c0                RTC_IRQHandler
                0x00000000080048c0                TIM16_IRQHandler
                0x00000000080048c0                TIM3_IRQHandler
                0x00000000080048c0                EXTI4_15_IRQHandler
                0x00000000080048c0                DMA1_Channel1_IRQHandler
                0x00000000080048c0                Default_Handler
                0x00000000080048c0                TIM14_IRQHandler
                0x00000000080048c0                DMA1_Channel4_5_IRQHandler
                0x00000000080048c0                EXTI0_1_IRQHandler
                0x00000000080048c0                SPI2_IRQHandler
                0x00000000080048c0                WWDG_IRQHandler
                0x00000000080048c0                TIM2_IRQHandler
                0x00000000080048c0                DMA1_Channel2_3_IRQHandler
                0x00000000080048c0                USART2_IRQHandler
                0x00000000080048c0                FLASH_IRQHandler
                0x00000000080048c0                USART1_IRQHandler
                0x00000000080048c0                TIM1_BRK_UP_TRG_COM_IRQHandler
 *fill*         0x00000000080048c2        0x2 
 .text.__libc_init_array
                0x00000000080048c4       0x48 c:/st/stm32cubeide_1.0.0/stm32cubeide/plugins/com.st.stm32cube.ide.mcu.externaltools.gnu-tools-for-stm32.7-2018-q2-update.win32_1.4.0.202007081208/tools/bin/../lib/gcc/arm-none-eabi/7.3.1/../../../../arm-none-eabi/lib/thumb/v6-m\libc_nano.a(lib_a-init.o)
                0x00000000080048c4                __libc_init_array
 .text.memset   0x000000000800490c       0x10 c:/st/stm32cubeide_1.0.0/stm32cubeide/plugins/com.st.stm32cube.ide.mcu.externaltools.gnu-tools-for-stm32.7-2018-q2-update.win32_1.4.0.202007081208/tools/bin/../lib/gcc/arm-none-eabi/7.3.1/../../../../arm-none-eabi/lib/thumb/v6-m\libc_nano.a(lib_a-memset.o)
                0x000000000800490c                memset
 *(.glue_7)
 .glue_7        0x000000000800491c        0x0 linker stubs
 *(.glue_7t)
 .glue_7t       0x000000000800491c        0x0 linker stubs
 *(.eh_frame)
 .eh_frame      0x000000000800491c        0x0 c:/st/stm32cubeide_1.0.0/stm32cubeide/plugins/com.st.stm32cube.ide.mcu.externaltools.gnu-tools-for-stm32.7-2018-q2-update.win32_1.4.0.202007081208/tools/bin/../lib/gcc/arm-none-eabi/7.3.1/thumb/v6-m/crtbegin.o
 *(.init)
 .init          0x000000000800491c        0x4 c:/st/stm32cubeide_1.0.0/stm32cubeide/plugins/com.st.stm32cube.ide.mcu.externaltools.gnu-tools-for-stm32.7-2018-q2-update.win32_1.4.0.202007081208/tools/bin/../lib/gcc/arm-none-eabi/7.3.1/thumb/v6-m/crti.o
                0x000000000800491c                _init
 .init          0x0000000008004920        0x8 c:/st/stm32cubeide_1.0.0/stm32cubeide/plugins/com.st.stm32cube.ide.mcu.externaltools.gnu-tools-for-stm32.7-2018-q2-update.win32_1.4.0.202007081208/tools/bin/../lib/gcc/arm-none-eabi/7.3.1/thumb/v6-m/crtn.o
 *(.fini)
 .fini          0x0000000008004928        0x4 c:/st/stm32cubeide_1.0.0/stm32cubeide/plugins/com.st.stm32cube.ide.mcu.externaltools.gnu-tools-for-stm32.7-2018-q2-update.win32_1.4.0.202007081208/tools/bin/../lib/gcc/arm-none-eabi/7.3.1/thumb/v6-m/crti.o
                0x0000000008004928                _fini
 .fini          0x000000000800492c        0x8 c:/st/stm32cubeide_1.0.0/stm32cubeide/plugins/com.st.stm32cube.ide.mcu.externaltools.gnu-tools-for-stm32.7-2018-q2-update.win32_1.4.0.202007081208/tools/bin/../lib/gcc/arm-none-eabi/7.3.1/thumb/v6-m/crtn.o
                0x0000000008004934                . = ALIGN (0x4)
                0x0000000008004934                _etext = .

.vfp11_veneer   0x0000000008004934        0x0
 .vfp11_veneer  0x0000000008004934        0x0 linker stubs

.v4_bx          0x0000000008004934        0x0
 .v4_bx         0x0000000008004934        0x0 linker stubs

.iplt           0x0000000008004934        0x0
 .iplt          0x0000000008004934        0x0 c:/st/stm32cubeide_1.0.0/stm32cubeide/plugins/com.st.stm32cube.ide.mcu.externaltools.gnu-tools-for-stm32.7-2018-q2-update.win32_1.4.0.202007081208/tools/bin/../lib/gcc/arm-none-eabi/7.3.1/thumb/v6-m/crtbegin.o

.rodata         0x0000000008004934      0x268
                0x0000000008004934                . = ALIGN (0x4)
 *(.rodata)
 .rodata        0x0000000008004934       0x20 Drivers/STM32F0xx_HAL_Driver/Src/stm32f0xx_hal_rcc.o
 *(.rodata*)
 .rodata.AHBPrescTable
                0x0000000008004954       0x10 Src/system_stm32f0xx.o
                0x0000000008004954                AHBPrescTable
 .rodata.APBPrescTable
                0x0000000008004964        0x8 Src/system_stm32f0xx.o
                0x0000000008004964                APBPrescTable
 .rodata.MyChannels_Src
                0x000000000800496c       0x54 Src/tsl_user.o
                0x000000000800496c                MyChannels_Src
 .rodata.MyChannels_Dest
                0x00000000080049c0        0xe Src/tsl_user.o
                0x00000000080049c0                MyChannels_Dest
 *fill*         0x00000000080049ce        0x2 
 .rodata.MyBanks
                0x00000000080049d0       0x60 Src/tsl_user.o
                0x00000000080049d0                MyBanks
 .rodata.MyTKeys_StateMachine
                0x0000000008004a30       0xa0 Src/tsl_user.o
                0x0000000008004a30                MyTKeys_StateMachine
 .rodata.MyTKeys_Methods
                0x0000000008004ad0        0x8 Src/tsl_user.o
                0x0000000008004ad0                MyTKeys_Methods
 .rodata.MyTKeys
                0x0000000008004ad8       0x8c Src/tsl_user.o
                0x0000000008004ad8                MyTKeys
 .rodata.MyObjects
                0x0000000008004b64       0x38 Src/tsl_user.o
                0x0000000008004b64                MyObjects
                0x0000000008004b9c                . = ALIGN (0x4)

.rel.dyn        0x0000000008004b9c        0x0
 .rel.iplt      0x0000000008004b9c        0x0 c:/st/stm32cubeide_1.0.0/stm32cubeide/plugins/com.st.stm32cube.ide.mcu.externaltools.gnu-tools-for-stm32.7-2018-q2-update.win32_1.4.0.202007081208/tools/bin/../lib/gcc/arm-none-eabi/7.3.1/thumb/v6-m/crtbegin.o

.ARM.extab      0x0000000008004b9c        0x0
                0x0000000008004b9c                . = ALIGN (0x4)
 *(.ARM.extab* .gnu.linkonce.armextab.*)
                0x0000000008004b9c                . = ALIGN (0x4)

.ARM            0x0000000008004b9c        0x0
                0x0000000008004b9c                . = ALIGN (0x4)
                0x0000000008004b9c                __exidx_start = .
 *(.ARM.exidx*)
                0x0000000008004b9c                __exidx_end = .
                0x0000000008004b9c                . = ALIGN (0x4)

.preinit_array  0x0000000008004b9c        0x0
                0x0000000008004b9c                . = ALIGN (0x4)
                0x0000000008004b9c                PROVIDE (__preinit_array_start = .)
 *(.preinit_array*)
                0x0000000008004b9c                PROVIDE (__preinit_array_end = .)
                0x0000000008004b9c                . = ALIGN (0x4)

.init_array     0x0000000008004b9c        0x4
                0x0000000008004b9c                . = ALIGN (0x4)
                0x0000000008004b9c                PROVIDE (__init_array_start = .)
 *(SORT_BY_NAME(.init_array.*))
 *(.init_array*)
 .init_array    0x0000000008004b9c        0x4 c:/st/stm32cubeide_1.0.0/stm32cubeide/plugins/com.st.stm32cube.ide.mcu.externaltools.gnu-tools-for-stm32.7-2018-q2-update.win32_1.4.0.202007081208/tools/bin/../lib/gcc/arm-none-eabi/7.3.1/thumb/v6-m/crtbegin.o
                0x0000000008004ba0                PROVIDE (__init_array_end = .)
                0x0000000008004ba0                . = ALIGN (0x4)

.fini_array     0x0000000008004ba0        0x4
                0x0000000008004ba0                . = ALIGN (0x4)
                [!provide]                        PROVIDE (__fini_array_start = .)
 *(SORT_BY_NAME(.fini_array.*))
 *(.fini_array*)
 .fini_array    0x0000000008004ba0        0x4 c:/st/stm32cubeide_1.0.0/stm32cubeide/plugins/com.st.stm32cube.ide.mcu.externaltools.gnu-tools-for-stm32.7-2018-q2-update.win32_1.4.0.202007081208/tools/bin/../lib/gcc/arm-none-eabi/7.3.1/thumb/v6-m/crtbegin.o
                [!provide]                        PROVIDE (__fini_array_end = .)
                0x0000000008004ba4                . = ALIGN (0x4)
                0x0000000008004ba4                _sidata = LOADADDR (.data)

.data           0x0000000020000000       0x48 load address 0x0000000008004ba4
                0x0000000020000000                . = ALIGN (0x4)
                0x0000000020000000                _sdata = .
 *(.data)
 *(.data*)
 .data.SystemCoreClock
                0x0000000020000000        0x4 Src/system_stm32f0xx.o
                0x0000000020000000                SystemCoreClock
 .data.touch_flage
                0x0000000020000004       0x20 Src/touchkey.o
                0x0000000020000004                touch_flage
 .data.GET_KEY  0x0000000020000024        0x1 Src/touchkey.o
                0x0000000020000024                GET_KEY
 *fill*         0x0000000020000025        0x3 
 .data.MyObjGroup
                0x0000000020000028       0x10 Src/tsl_user.o
                0x0000000020000028                MyObjGroup
 .data.TSL_Params
                0x0000000020000038       0x10 Src/tsl_user.o
                0x0000000020000038                TSL_Params
                0x0000000020000048                . = ALIGN (0x4)
                0x0000000020000048                _edata = .

.igot.plt       0x0000000020000048        0x0 load address 0x0000000008004bec
 .igot.plt      0x0000000020000048        0x0 c:/st/stm32cubeide_1.0.0/stm32cubeide/plugins/com.st.stm32cube.ide.mcu.externaltools.gnu-tools-for-stm32.7-2018-q2-update.win32_1.4.0.202007081208/tools/bin/../lib/gcc/arm-none-eabi/7.3.1/thumb/v6-m/crtbegin.o
                0x0000000020000048                . = ALIGN (0x4)

.bss            0x0000000020000048      0x1f4 load address 0x0000000008004bec
                0x0000000020000048                _sbss = .
                0x0000000020000048                __bss_start__ = _sbss
 *(.bss)
 .bss           0x0000000020000048       0x1c c:/st/stm32cubeide_1.0.0/stm32cubeide/plugins/com.st.stm32cube.ide.mcu.externaltools.gnu-tools-for-stm32.7-2018-q2-update.win32_1.4.0.202007081208/tools/bin/../lib/gcc/arm-none-eabi/7.3.1/thumb/v6-m/crtbegin.o
 *(.bss*)
 .bss.count_1s.7459
                0x0000000020000064        0x2 Middlewares/ST/STM32_TouchSensing_Library/src/tsl_time.o
 .bss.CalibDiv  0x0000000020000066        0x2 Middlewares/ST/STM32_TouchSensing_Library/src/tsl_touchkey.o
 .bss.touch_status
                0x0000000020000068        0x1 Src/touchkey.o
                0x0000000020000068                touch_status
 *fill*         0x0000000020000069        0x3 
 .bss.config_done.7514
                0x000000002000006c        0x4 Src/tsl_user.o
 .bss.idx_bank.7513
                0x0000000020000070        0x4 Src/tsl_user.o
 *(COMMON)
 COMMON         0x0000000020000074        0x4 Drivers/STM32F0xx_HAL_Driver/Src/stm32f0xx_hal.o
                0x0000000020000074                uwTick
 COMMON         0x0000000020000078       0x18 Middlewares/ST/STM32_TouchSensing_Library/src/tsl_globals.o
                0x0000000020000078                TSL_Globals
 COMMON         0x0000000020000090       0xf4 Src/main.o
                0x0000000020000090                htim15
                0x00000000200000d0                huart1
                0x0000000020000140                serial_data
                0x0000000020000144                htsc
 COMMON         0x0000000020000184       0xb8 Src/tsl_user.o
                0x0000000020000184                MyChannels_Data
                0x00000000200001d8                MyTKeys_Param
                0x000000002000021e                ECSLastTick
                0x0000000020000220                MyTKeys_Data
                0x000000002000023c                . = ALIGN (0x4)
                0x000000002000023c                _ebss = .
                0x000000002000023c                __bss_end__ = _ebss

._user_heap_stack
                0x000000002000023c      0x604 load address 0x0000000008004bec
                0x0000000020000240                . = ALIGN (0x8)
 *fill*         0x000000002000023c        0x4 
                0x0000000020000240                PROVIDE (end = .)
                [!provide]                        PROVIDE (_end = .)
                0x0000000020000440                . = (. + _Min_Heap_Size)
 *fill*         0x0000000020000240      0x200 
                0x0000000020000840                . = (. + _Min_Stack_Size)
 *fill*         0x0000000020000440      0x400 
                0x0000000020000840                . = ALIGN (0x8)

/DISCARD/
 libc.a(*)
 libm.a(*)
 libgcc.a(*)

.ARM.attributes
                0x0000000000000000       0x28
 *(.ARM.attributes)
 .ARM.attributes
                0x0000000000000000       0x1e c:/st/stm32cubeide_1.0.0/stm32cubeide/plugins/com.st.stm32cube.ide.mcu.externaltools.gnu-tools-for-stm32.7-2018-q2-update.win32_1.4.0.202007081208/tools/bin/../lib/gcc/arm-none-eabi/7.3.1/thumb/v6-m/crti.o
 .ARM.attributes
                0x000000000000001e       0x2c c:/st/stm32cubeide_1.0.0/stm32cubeide/plugins/com.st.stm32cube.ide.mcu.externaltools.gnu-tools-for-stm32.7-2018-q2-update.win32_1.4.0.202007081208/tools/bin/../lib/gcc/arm-none-eabi/7.3.1/thumb/v6-m/crtbegin.o
 .ARM.attributes
                0x000000000000004a       0x31 Drivers/STM32F0xx_HAL_Driver/Src/stm32f0xx_hal.o
 .ARM.attributes
                0x000000000000007b       0x31 Drivers/STM32F0xx_HAL_Driver/Src/stm32f0xx_hal_cortex.o
 .ARM.attributes
                0x00000000000000ac       0x31 Drivers/STM32F0xx_HAL_Driver/Src/stm32f0xx_hal_gpio.o
 .ARM.attributes
                0x00000000000000dd       0x31 Drivers/STM32F0xx_HAL_Driver/Src/stm32f0xx_hal_rcc.o
 .ARM.attributes
                0x000000000000010e       0x31 Drivers/STM32F0xx_HAL_Driver/Src/stm32f0xx_hal_rcc_ex.o
 .ARM.attributes
                0x000000000000013f       0x31 Drivers/STM32F0xx_HAL_Driver/Src/stm32f0xx_hal_tim.o
 .ARM.attributes
                0x0000000000000170       0x31 Drivers/STM32F0xx_HAL_Driver/Src/stm32f0xx_hal_tim_ex.o
 .ARM.attributes
                0x00000000000001a1       0x31 Drivers/STM32F0xx_HAL_Driver/Src/stm32f0xx_hal_tsc.o
 .ARM.attributes
                0x00000000000001d2       0x31 Drivers/STM32F0xx_HAL_Driver/Src/stm32f0xx_hal_uart.o
 .ARM.attributes
                0x0000000000000203       0x31 Middlewares/ST/STM32_TouchSensing_Library/src/tsl.o
 .ARM.attributes
                0x0000000000000234       0x31 Middlewares/ST/STM32_TouchSensing_Library/src/tsl_acq.o
 .ARM.attributes
                0x0000000000000265       0x31 Middlewares/ST/STM32_TouchSensing_Library/src/tsl_acq_tsc.o
 .ARM.attributes
                0x0000000000000296       0x31 Middlewares/ST/STM32_TouchSensing_Library/src/tsl_dxs.o
 .ARM.attributes
                0x00000000000002c7       0x31 Middlewares/ST/STM32_TouchSensing_Library/src/tsl_ecs.o
 .ARM.attributes
                0x00000000000002f8       0x31 Middlewares/ST/STM32_TouchSensing_Library/src/tsl_globals.o
 .ARM.attributes
                0x0000000000000329       0x31 Middlewares/ST/STM32_TouchSensing_Library/src/tsl_object.o
 .ARM.attributes
                0x000000000000035a       0x31 Middlewares/ST/STM32_TouchSensing_Library/src/tsl_time.o
 .ARM.attributes
                0x000000000000038b       0x31 Middlewares/ST/STM32_TouchSensing_Library/src/tsl_touchkey.o
 .ARM.attributes
                0x00000000000003bc       0x31 Src/main.o
 .ARM.attributes
                0x00000000000003ed       0x31 Src/stm32f0xx_hal_msp.o
 .ARM.attributes
                0x000000000000041e       0x31 Src/stm32f0xx_it.o
 .ARM.attributes
                0x000000000000044f       0x31 Src/system_stm32f0xx.o
 .ARM.attributes
                0x0000000000000480       0x31 Src/task.o
 .ARM.attributes
                0x00000000000004b1       0x31 Src/touchkey.o
 .ARM.attributes
                0x00000000000004e2       0x31 Src/touchsensing.o
 .ARM.attributes
                0x0000000000000513       0x31 Src/tsl_user.o
 .ARM.attributes
                0x0000000000000544       0x21 Startup/startup_stm32f051c8tx.o
 .ARM.attributes
                0x0000000000000565       0x2c c:/st/stm32cubeide_1.0.0/stm32cubeide/plugins/com.st.stm32cube.ide.mcu.externaltools.gnu-tools-for-stm32.7-2018-q2-update.win32_1.4.0.202007081208/tools/bin/../lib/gcc/arm-none-eabi/7.3.1/../../../../arm-none-eabi/lib/thumb/v6-m\libc_nano.a(lib_a-init.o)
 .ARM.attributes
                0x0000000000000591       0x2c c:/st/stm32cubeide_1.0.0/stm32cubeide/plugins/com.st.stm32cube.ide.mcu.externaltools.gnu-tools-for-stm32.7-2018-q2-update.win32_1.4.0.202007081208/tools/bin/../lib/gcc/arm-none-eabi/7.3.1/../../../../arm-none-eabi/lib/thumb/v6-m\libc_nano.a(lib_a-memset.o)
 .ARM.attributes
                0x00000000000005bd       0x1e c:/st/stm32cubeide_1.0.0/stm32cubeide/plugins/com.st.stm32cube.ide.mcu.externaltools.gnu-tools-for-stm32.7-2018-q2-update.win32_1.4.0.202007081208/tools/bin/../lib/gcc/arm-none-eabi/7.3.1/thumb/v6-m\libgcc.a(_udivsi3.o)
 .ARM.attributes
                0x00000000000005db       0x1e c:/st/stm32cubeide_1.0.0/stm32cubeide/plugins/com.st.stm32cube.ide.mcu.externaltools.gnu-tools-for-stm32.7-2018-q2-update.win32_1.4.0.202007081208/tools/bin/../lib/gcc/arm-none-eabi/7.3.1/thumb/v6-m\libgcc.a(_dvmd_tls.o)
 .ARM.attributes
                0x00000000000005f9       0x1e c:/st/stm32cubeide_1.0.0/stm32cubeide/plugins/com.st.stm32cube.ide.mcu.externaltools.gnu-tools-for-stm32.7-2018-q2-update.win32_1.4.0.202007081208/tools/bin/../lib/gcc/arm-none-eabi/7.3.1/thumb/v6-m/crtn.o
OUTPUT(TS.elf elf32-littlearm)

.debug_info     0x0000000000000000    0x1f982
 .debug_info    0x0000000000000000      0xddb Drivers/STM32F0xx_HAL_Driver/Src/stm32f0xx_hal.o
 .debug_info    0x0000000000000ddb      0xf27 Drivers/STM32F0xx_HAL_Driver/Src/stm32f0xx_hal_cortex.o
 .debug_info    0x0000000000001d02      0xe52 Drivers/STM32F0xx_HAL_Driver/Src/stm32f0xx_hal_gpio.o
 .debug_info    0x0000000000002b54      0xf9b Drivers/STM32F0xx_HAL_Driver/Src/stm32f0xx_hal_rcc.o
 .debug_info    0x0000000000003aef      0xb95 Drivers/STM32F0xx_HAL_Driver/Src/stm32f0xx_hal_rcc_ex.o
 .debug_info    0x0000000000004684     0x2a8f Drivers/STM32F0xx_HAL_Driver/Src/stm32f0xx_hal_tim.o
 .debug_info    0x0000000000007113     0x183b Drivers/STM32F0xx_HAL_Driver/Src/stm32f0xx_hal_tim_ex.o
 .debug_info    0x000000000000894e      0xf4b Drivers/STM32F0xx_HAL_Driver/Src/stm32f0xx_hal_tsc.o
 .debug_info    0x0000000000009899     0x1b51 Drivers/STM32F0xx_HAL_Driver/Src/stm32f0xx_hal_uart.o
 .debug_info    0x000000000000b3ea     0x10f7 Middlewares/ST/STM32_TouchSensing_Library/src/tsl.o
 .debug_info    0x000000000000c4e1     0x1355 Middlewares/ST/STM32_TouchSensing_Library/src/tsl_acq.o
 .debug_info    0x000000000000d836     0x1458 Middlewares/ST/STM32_TouchSensing_Library/src/tsl_acq_tsc.o
 .debug_info    0x000000000000ec8e     0x1156 Middlewares/ST/STM32_TouchSensing_Library/src/tsl_dxs.o
 .debug_info    0x000000000000fde4     0x1398 Middlewares/ST/STM32_TouchSensing_Library/src/tsl_ecs.o
 .debug_info    0x000000000001117c     0x109f Middlewares/ST/STM32_TouchSensing_Library/src/tsl_globals.o
 .debug_info    0x000000000001221b     0x11e9 Middlewares/ST/STM32_TouchSensing_Library/src/tsl_object.o
 .debug_info    0x0000000000013404     0x11f6 Middlewares/ST/STM32_TouchSensing_Library/src/tsl_time.o
 .debug_info    0x00000000000145fa     0x135e Middlewares/ST/STM32_TouchSensing_Library/src/tsl_touchkey.o
 .debug_info    0x0000000000015958     0x1fbc Src/main.o
 .debug_info    0x0000000000017914     0x1717 Src/stm32f0xx_hal_msp.o
 .debug_info    0x000000000001902b      0xdf4 Src/stm32f0xx_it.o
 .debug_info    0x0000000000019e1f      0xa60 Src/system_stm32f0xx.o
 .debug_info    0x000000000001a87f     0x19a3 Src/task.o
 .debug_info    0x000000000001c222     0x1208 Src/touchkey.o
 .debug_info    0x000000000001d42a     0x1194 Src/touchsensing.o
 .debug_info    0x000000000001e5be     0x13a2 Src/tsl_user.o
 .debug_info    0x000000000001f960       0x22 Startup/startup_stm32f051c8tx.o

.debug_abbrev   0x0000000000000000     0x3997
 .debug_abbrev  0x0000000000000000      0x26b Drivers/STM32F0xx_HAL_Driver/Src/stm32f0xx_hal.o
 .debug_abbrev  0x000000000000026b      0x314 Drivers/STM32F0xx_HAL_Driver/Src/stm32f0xx_hal_cortex.o
 .debug_abbrev  0x000000000000057f      0x251 Drivers/STM32F0xx_HAL_Driver/Src/stm32f0xx_hal_gpio.o
 .debug_abbrev  0x00000000000007d0      0x286 Drivers/STM32F0xx_HAL_Driver/Src/stm32f0xx_hal_rcc.o
 .debug_abbrev  0x0000000000000a56      0x228 Drivers/STM32F0xx_HAL_Driver/Src/stm32f0xx_hal_rcc_ex.o
 .debug_abbrev  0x0000000000000c7e      0x2b2 Drivers/STM32F0xx_HAL_Driver/Src/stm32f0xx_hal_tim.o
 .debug_abbrev  0x0000000000000f30      0x28f Drivers/STM32F0xx_HAL_Driver/Src/stm32f0xx_hal_tim_ex.o
 .debug_abbrev  0x00000000000011bf      0x28b Drivers/STM32F0xx_HAL_Driver/Src/stm32f0xx_hal_tsc.o
 .debug_abbrev  0x000000000000144a      0x276 Drivers/STM32F0xx_HAL_Driver/Src/stm32f0xx_hal_uart.o
 .debug_abbrev  0x00000000000016c0      0x1c3 Middlewares/ST/STM32_TouchSensing_Library/src/tsl.o
 .debug_abbrev  0x0000000000001883      0x226 Middlewares/ST/STM32_TouchSensing_Library/src/tsl_acq.o
 .debug_abbrev  0x0000000000001aa9      0x2a4 Middlewares/ST/STM32_TouchSensing_Library/src/tsl_acq_tsc.o
 .debug_abbrev  0x0000000000001d4d      0x1b4 Middlewares/ST/STM32_TouchSensing_Library/src/tsl_dxs.o
 .debug_abbrev  0x0000000000001f01      0x22b Middlewares/ST/STM32_TouchSensing_Library/src/tsl_ecs.o
 .debug_abbrev  0x000000000000212c      0x194 Middlewares/ST/STM32_TouchSensing_Library/src/tsl_globals.o
 .debug_abbrev  0x00000000000022c0      0x1f5 Middlewares/ST/STM32_TouchSensing_Library/src/tsl_object.o
 .debug_abbrev  0x00000000000024b5      0x1f1 Middlewares/ST/STM32_TouchSensing_Library/src/tsl_time.o
 .debug_abbrev  0x00000000000026a6      0x2ca Middlewares/ST/STM32_TouchSensing_Library/src/tsl_touchkey.o
 .debug_abbrev  0x0000000000002970      0x2cb Src/main.o
 .debug_abbrev  0x0000000000002c3b      0x231 Src/stm32f0xx_hal_msp.o
 .debug_abbrev  0x0000000000002e6c      0x1cb Src/stm32f0xx_it.o
 .debug_abbrev  0x0000000000003037      0x1cd Src/system_stm32f0xx.o
 .debug_abbrev  0x0000000000003204      0x210 Src/task.o
 .debug_abbrev  0x0000000000003414      0x1b9 Src/touchkey.o
 .debug_abbrev  0x00000000000035cd      0x1a8 Src/touchsensing.o
 .debug_abbrev  0x0000000000003775      0x210 Src/tsl_user.o
 .debug_abbrev  0x0000000000003985       0x12 Startup/startup_stm32f051c8tx.o

.debug_aranges  0x0000000000000000      0xe08
 .debug_aranges
                0x0000000000000000       0xb8 Drivers/STM32F0xx_HAL_Driver/Src/stm32f0xx_hal.o
 .debug_aranges
                0x00000000000000b8       0xc0 Drivers/STM32F0xx_HAL_Driver/Src/stm32f0xx_hal_cortex.o
 .debug_aranges
                0x0000000000000178       0x58 Drivers/STM32F0xx_HAL_Driver/Src/stm32f0xx_hal_gpio.o
 .debug_aranges
                0x00000000000001d0       0x80 Drivers/STM32F0xx_HAL_Driver/Src/stm32f0xx_hal_rcc.o
 .debug_aranges
                0x0000000000000250       0x30 Drivers/STM32F0xx_HAL_Driver/Src/stm32f0xx_hal_rcc_ex.o
 .debug_aranges
                0x0000000000000280      0x378 Drivers/STM32F0xx_HAL_Driver/Src/stm32f0xx_hal_tim.o
 .debug_aranges
                0x00000000000005f8      0x148 Drivers/STM32F0xx_HAL_Driver/Src/stm32f0xx_hal_tim_ex.o
 .debug_aranges
                0x0000000000000740       0xa8 Drivers/STM32F0xx_HAL_Driver/Src/stm32f0xx_hal_tsc.o
 .debug_aranges
                0x00000000000007e8      0x1d8 Drivers/STM32F0xx_HAL_Driver/Src/stm32f0xx_hal_uart.o
 .debug_aranges
                0x00000000000009c0       0x20 Middlewares/ST/STM32_TouchSensing_Library/src/tsl.o
 .debug_aranges
                0x00000000000009e0       0x30 Middlewares/ST/STM32_TouchSensing_Library/src/tsl_acq.o
 .debug_aranges
                0x0000000000000a10       0x78 Middlewares/ST/STM32_TouchSensing_Library/src/tsl_acq_tsc.o
 .debug_aranges
                0x0000000000000a88       0x20 Middlewares/ST/STM32_TouchSensing_Library/src/tsl_dxs.o
 .debug_aranges
                0x0000000000000aa8       0x30 Middlewares/ST/STM32_TouchSensing_Library/src/tsl_ecs.o
 .debug_aranges
                0x0000000000000ad8       0x18 Middlewares/ST/STM32_TouchSensing_Library/src/tsl_globals.o
 .debug_aranges
                0x0000000000000af0       0x30 Middlewares/ST/STM32_TouchSensing_Library/src/tsl_object.o
 .debug_aranges
                0x0000000000000b20       0x30 Middlewares/ST/STM32_TouchSensing_Library/src/tsl_time.o
 .debug_aranges
                0x0000000000000b50       0xd0 Middlewares/ST/STM32_TouchSensing_Library/src/tsl_touchkey.o
 .debug_aranges
                0x0000000000000c20       0x50 Src/main.o
 .debug_aranges
                0x0000000000000c70       0x50 Src/stm32f0xx_hal_msp.o
 .debug_aranges
                0x0000000000000cc0       0x48 Src/stm32f0xx_it.o
 .debug_aranges
                0x0000000000000d08       0x28 Src/system_stm32f0xx.o
 .debug_aranges
                0x0000000000000d30       0x30 Src/task.o
 .debug_aranges
                0x0000000000000d60       0x20 Src/touchkey.o
 .debug_aranges
                0x0000000000000d80       0x20 Src/touchsensing.o
 .debug_aranges
                0x0000000000000da0       0x40 Src/tsl_user.o
 .debug_aranges
                0x0000000000000de0       0x28 Startup/startup_stm32f051c8tx.o

.debug_ranges   0x0000000000000000      0xc58
 .debug_ranges  0x0000000000000000       0xa8 Drivers/STM32F0xx_HAL_Driver/Src/stm32f0xx_hal.o
 .debug_ranges  0x00000000000000a8       0xb0 Drivers/STM32F0xx_HAL_Driver/Src/stm32f0xx_hal_cortex.o
 .debug_ranges  0x0000000000000158       0x48 Drivers/STM32F0xx_HAL_Driver/Src/stm32f0xx_hal_gpio.o
 .debug_ranges  0x00000000000001a0       0x70 Drivers/STM32F0xx_HAL_Driver/Src/stm32f0xx_hal_rcc.o
 .debug_ranges  0x0000000000000210       0x20 Drivers/STM32F0xx_HAL_Driver/Src/stm32f0xx_hal_rcc_ex.o
 .debug_ranges  0x0000000000000230      0x368 Drivers/STM32F0xx_HAL_Driver/Src/stm32f0xx_hal_tim.o
 .debug_ranges  0x0000000000000598      0x138 Drivers/STM32F0xx_HAL_Driver/Src/stm32f0xx_hal_tim_ex.o
 .debug_ranges  0x00000000000006d0       0x98 Drivers/STM32F0xx_HAL_Driver/Src/stm32f0xx_hal_tsc.o
 .debug_ranges  0x0000000000000768      0x1c8 Drivers/STM32F0xx_HAL_Driver/Src/stm32f0xx_hal_uart.o
 .debug_ranges  0x0000000000000930       0x10 Middlewares/ST/STM32_TouchSensing_Library/src/tsl.o
 .debug_ranges  0x0000000000000940       0x20 Middlewares/ST/STM32_TouchSensing_Library/src/tsl_acq.o
 .debug_ranges  0x0000000000000960       0x68 Middlewares/ST/STM32_TouchSensing_Library/src/tsl_acq_tsc.o
 .debug_ranges  0x00000000000009c8       0x10 Middlewares/ST/STM32_TouchSensing_Library/src/tsl_dxs.o
 .debug_ranges  0x00000000000009d8       0x20 Middlewares/ST/STM32_TouchSensing_Library/src/tsl_ecs.o
 .debug_ranges  0x00000000000009f8       0x20 Middlewares/ST/STM32_TouchSensing_Library/src/tsl_object.o
 .debug_ranges  0x0000000000000a18       0x20 Middlewares/ST/STM32_TouchSensing_Library/src/tsl_time.o
 .debug_ranges  0x0000000000000a38       0xc0 Middlewares/ST/STM32_TouchSensing_Library/src/tsl_touchkey.o
 .debug_ranges  0x0000000000000af8       0x40 Src/main.o
 .debug_ranges  0x0000000000000b38       0x40 Src/stm32f0xx_hal_msp.o
 .debug_ranges  0x0000000000000b78       0x38 Src/stm32f0xx_it.o
 .debug_ranges  0x0000000000000bb0       0x18 Src/system_stm32f0xx.o
 .debug_ranges  0x0000000000000bc8       0x20 Src/task.o
 .debug_ranges  0x0000000000000be8       0x10 Src/touchkey.o
 .debug_ranges  0x0000000000000bf8       0x10 Src/touchsensing.o
 .debug_ranges  0x0000000000000c08       0x30 Src/tsl_user.o
 .debug_ranges  0x0000000000000c38       0x20 Startup/startup_stm32f051c8tx.o

.debug_macro    0x0000000000000000    0x1385a
 .debug_macro   0x0000000000000000      0x335 Drivers/STM32F0xx_HAL_Driver/Src/stm32f0xx_hal.o
 .debug_macro   0x0000000000000335      0xa48 Drivers/STM32F0xx_HAL_Driver/Src/stm32f0xx_hal.o
 .debug_macro   0x0000000000000d7d       0xb7 Drivers/STM32F0xx_HAL_Driver/Src/stm32f0xx_hal.o
 .debug_macro   0x0000000000000e34       0x2e Drivers/STM32F0xx_HAL_Driver/Src/stm32f0xx_hal.o
 .debug_macro   0x0000000000000e62       0x22 Drivers/STM32F0xx_HAL_Driver/Src/stm32f0xx_hal.o
 .debug_macro   0x0000000000000e84       0x22 Drivers/STM32F0xx_HAL_Driver/Src/stm32f0xx_hal.o
 .debug_macro   0x0000000000000ea6       0x8e Drivers/STM32F0xx_HAL_Driver/Src/stm32f0xx_hal.o
 .debug_macro   0x0000000000000f34       0x51 Drivers/STM32F0xx_HAL_Driver/Src/stm32f0xx_hal.o
 .debug_macro   0x0000000000000f85       0xef Drivers/STM32F0xx_HAL_Driver/Src/stm32f0xx_hal.o
 .debug_macro   0x0000000000001074       0x6a Drivers/STM32F0xx_HAL_Driver/Src/stm32f0xx_hal.o
 .debug_macro   0x00000000000010de      0x1df Drivers/STM32F0xx_HAL_Driver/Src/stm32f0xx_hal.o
 .debug_macro   0x00000000000012bd       0x34 Drivers/STM32F0xx_HAL_Driver/Src/stm32f0xx_hal.o
 .debug_macro   0x00000000000012f1       0x26 Drivers/STM32F0xx_HAL_Driver/Src/stm32f0xx_hal.o
 .debug_macro   0x0000000000001317      0x30d Drivers/STM32F0xx_HAL_Driver/Src/stm32f0xx_hal.o
 .debug_macro   0x0000000000001624     0x8d15 Drivers/STM32F0xx_HAL_Driver/Src/stm32f0xx_hal.o
 .debug_macro   0x000000000000a339       0x3c Drivers/STM32F0xx_HAL_Driver/Src/stm32f0xx_hal.o
 .debug_macro   0x000000000000a375       0x46 Drivers/STM32F0xx_HAL_Driver/Src/stm32f0xx_hal.o
 .debug_macro   0x000000000000a3bb       0x18 Drivers/STM32F0xx_HAL_Driver/Src/stm32f0xx_hal.o
 .debug_macro   0x000000000000a3d3       0x3c Drivers/STM32F0xx_HAL_Driver/Src/stm32f0xx_hal.o
 .debug_macro   0x000000000000a40f       0x34 Drivers/STM32F0xx_HAL_Driver/Src/stm32f0xx_hal.o
 .debug_macro   0x000000000000a443       0x16 Drivers/STM32F0xx_HAL_Driver/Src/stm32f0xx_hal.o
 .debug_macro   0x000000000000a459       0x97 Drivers/STM32F0xx_HAL_Driver/Src/stm32f0xx_hal.o
 .debug_macro   0x000000000000a4f0      0x330 Drivers/STM32F0xx_HAL_Driver/Src/stm32f0xx_hal.o
 .debug_macro   0x000000000000a820       0xfd Drivers/STM32F0xx_HAL_Driver/Src/stm32f0xx_hal.o
 .debug_macro   0x000000000000a91d       0x10 Drivers/STM32F0xx_HAL_Driver/Src/stm32f0xx_hal.o
 .debug_macro   0x000000000000a92d       0x52 Drivers/STM32F0xx_HAL_Driver/Src/stm32f0xx_hal.o
 .debug_macro   0x000000000000a97f       0x1f Drivers/STM32F0xx_HAL_Driver/Src/stm32f0xx_hal.o
 .debug_macro   0x000000000000a99e       0x43 Drivers/STM32F0xx_HAL_Driver/Src/stm32f0xx_hal.o
 .debug_macro   0x000000000000a9e1       0x20 Drivers/STM32F0xx_HAL_Driver/Src/stm32f0xx_hal.o
 .debug_macro   0x000000000000aa01      0x1a3 Drivers/STM32F0xx_HAL_Driver/Src/stm32f0xx_hal.o
 .debug_macro   0x000000000000aba4       0x10 Drivers/STM32F0xx_HAL_Driver/Src/stm32f0xx_hal.o
 .debug_macro   0x000000000000abb4       0x1c Drivers/STM32F0xx_HAL_Driver/Src/stm32f0xx_hal.o
 .debug_macro   0x000000000000abd0       0x52 Drivers/STM32F0xx_HAL_Driver/Src/stm32f0xx_hal.o
 .debug_macro   0x000000000000ac22       0x40 Drivers/STM32F0xx_HAL_Driver/Src/stm32f0xx_hal.o
 .debug_macro   0x000000000000ac62       0x10 Drivers/STM32F0xx_HAL_Driver/Src/stm32f0xx_hal.o
 .debug_macro   0x000000000000ac72       0x40 Drivers/STM32F0xx_HAL_Driver/Src/stm32f0xx_hal.o
 .debug_macro   0x000000000000acb2       0xd7 Drivers/STM32F0xx_HAL_Driver/Src/stm32f0xx_hal.o
 .debug_macro   0x000000000000ad89       0x1c Drivers/STM32F0xx_HAL_Driver/Src/stm32f0xx_hal.o
 .debug_macro   0x000000000000ada5       0x3d Drivers/STM32F0xx_HAL_Driver/Src/stm32f0xx_hal.o
 .debug_macro   0x000000000000ade2       0x16 Drivers/STM32F0xx_HAL_Driver/Src/stm32f0xx_hal.o
 .debug_macro   0x000000000000adf8      0x145 Drivers/STM32F0xx_HAL_Driver/Src/stm32f0xx_hal.o
 .debug_macro   0x000000000000af3d       0x50 Drivers/STM32F0xx_HAL_Driver/Src/stm32f0xx_hal.o
 .debug_macro   0x000000000000af8d      0x92f Drivers/STM32F0xx_HAL_Driver/Src/stm32f0xx_hal.o
 .debug_macro   0x000000000000b8bc      0x252 Drivers/STM32F0xx_HAL_Driver/Src/stm32f0xx_hal.o
 .debug_macro   0x000000000000bb0e      0x13a Drivers/STM32F0xx_HAL_Driver/Src/stm32f0xx_hal.o
 .debug_macro   0x000000000000bc48      0x114 Drivers/STM32F0xx_HAL_Driver/Src/stm32f0xx_hal.o
 .debug_macro   0x000000000000bd5c      0x1ed Drivers/STM32F0xx_HAL_Driver/Src/stm32f0xx_hal.o
 .debug_macro   0x000000000000bf49       0x34 Drivers/STM32F0xx_HAL_Driver/Src/stm32f0xx_hal.o
 .debug_macro   0x000000000000bf7d       0x43 Drivers/STM32F0xx_HAL_Driver/Src/stm32f0xx_hal.o
 .debug_macro   0x000000000000bfc0       0x28 Drivers/STM32F0xx_HAL_Driver/Src/stm32f0xx_hal.o
 .debug_macro   0x000000000000bfe8       0xb6 Drivers/STM32F0xx_HAL_Driver/Src/stm32f0xx_hal.o
 .debug_macro   0x000000000000c09e      0x199 Drivers/STM32F0xx_HAL_Driver/Src/stm32f0xx_hal.o
 .debug_macro   0x000000000000c237      0x202 Drivers/STM32F0xx_HAL_Driver/Src/stm32f0xx_hal.o
 .debug_macro   0x000000000000c439       0x61 Drivers/STM32F0xx_HAL_Driver/Src/stm32f0xx_hal.o
 .debug_macro   0x000000000000c49a       0x90 Drivers/STM32F0xx_HAL_Driver/Src/stm32f0xx_hal.o
 .debug_macro   0x000000000000c52a       0x4d Drivers/STM32F0xx_HAL_Driver/Src/stm32f0xx_hal.o
 .debug_macro   0x000000000000c577      0x114 Drivers/STM32F0xx_HAL_Driver/Src/stm32f0xx_hal.o
 .debug_macro   0x000000000000c68b      0x845 Drivers/STM32F0xx_HAL_Driver/Src/stm32f0xx_hal.o
 .debug_macro   0x000000000000ced0       0x4c Drivers/STM32F0xx_HAL_Driver/Src/stm32f0xx_hal.o
 .debug_macro   0x000000000000cf1c      0x46a Drivers/STM32F0xx_HAL_Driver/Src/stm32f0xx_hal.o
 .debug_macro   0x000000000000d386      0x38a Drivers/STM32F0xx_HAL_Driver/Src/stm32f0xx_hal.o
 .debug_macro   0x000000000000d710      0x1f7 Drivers/STM32F0xx_HAL_Driver/Src/stm32f0xx_hal.o
 .debug_macro   0x000000000000d907      0x10d Drivers/STM32F0xx_HAL_Driver/Src/stm32f0xx_hal.o
 .debug_macro   0x000000000000da14      0x311 Drivers/STM32F0xx_HAL_Driver/Src/stm32f0xx_hal_cortex.o
 .debug_macro   0x000000000000dd25      0x349 Drivers/STM32F0xx_HAL_Driver/Src/stm32f0xx_hal_gpio.o
 .debug_macro   0x000000000000e06e      0x323 Drivers/STM32F0xx_HAL_Driver/Src/stm32f0xx_hal_rcc.o
 .debug_macro   0x000000000000e391      0x311 Drivers/STM32F0xx_HAL_Driver/Src/stm32f0xx_hal_rcc_ex.o
 .debug_macro   0x000000000000e6a2      0x311 Drivers/STM32F0xx_HAL_Driver/Src/stm32f0xx_hal_tim.o
 .debug_macro   0x000000000000e9b3      0x311 Drivers/STM32F0xx_HAL_Driver/Src/stm32f0xx_hal_tim_ex.o
 .debug_macro   0x000000000000ecc4      0x311 Drivers/STM32F0xx_HAL_Driver/Src/stm32f0xx_hal_tsc.o
 .debug_macro   0x000000000000efd5      0x319 Drivers/STM32F0xx_HAL_Driver/Src/stm32f0xx_hal_uart.o
 .debug_macro   0x000000000000f2ee      0x3bc Middlewares/ST/STM32_TouchSensing_Library/src/tsl.o
 .debug_macro   0x000000000000f6aa      0x195 Middlewares/ST/STM32_TouchSensing_Library/src/tsl.o
 .debug_macro   0x000000000000f83f       0x4c Middlewares/ST/STM32_TouchSensing_Library/src/tsl.o
 .debug_macro   0x000000000000f88b       0x16 Middlewares/ST/STM32_TouchSensing_Library/src/tsl.o
 .debug_macro   0x000000000000f8a1       0x1c Middlewares/ST/STM32_TouchSensing_Library/src/tsl.o
 .debug_macro   0x000000000000f8bd       0xd5 Middlewares/ST/STM32_TouchSensing_Library/src/tsl.o
 .debug_macro   0x000000000000f992       0x1c Middlewares/ST/STM32_TouchSensing_Library/src/tsl.o
 .debug_macro   0x000000000000f9ae      0x39e Middlewares/ST/STM32_TouchSensing_Library/src/tsl_acq.o
 .debug_macro   0x000000000000fd4c       0x16 Middlewares/ST/STM32_TouchSensing_Library/src/tsl_acq.o
 .debug_macro   0x000000000000fd62      0x39a Middlewares/ST/STM32_TouchSensing_Library/src/tsl_acq_tsc.o
 .debug_macro   0x00000000000100fc      0x3da Middlewares/ST/STM32_TouchSensing_Library/src/tsl_dxs.o
 .debug_macro   0x00000000000104d6      0x3ce Middlewares/ST/STM32_TouchSensing_Library/src/tsl_ecs.o
 .debug_macro   0x00000000000108a4      0x39a Middlewares/ST/STM32_TouchSensing_Library/src/tsl_globals.o
 .debug_macro   0x0000000000010c3e      0x39e Middlewares/ST/STM32_TouchSensing_Library/src/tsl_object.o
 .debug_macro   0x0000000000010fdc      0x39e Middlewares/ST/STM32_TouchSensing_Library/src/tsl_time.o
 .debug_macro   0x000000000001137a      0x440 Middlewares/ST/STM32_TouchSensing_Library/src/tsl_touchkey.o
 .debug_macro   0x00000000000117ba      0x426 Src/main.o
 .debug_macro   0x0000000000011be0      0x10c Src/main.o
 .debug_macro   0x0000000000011cec       0x16 Src/main.o
 .debug_macro   0x0000000000011d02       0x35 Src/main.o
 .debug_macro   0x0000000000011d37       0x20 Src/main.o
 .debug_macro   0x0000000000011d57      0x1e1 Src/main.o
 .debug_macro   0x0000000000011f38      0x31b Src/stm32f0xx_hal_msp.o
 .debug_macro   0x0000000000012253      0x372 Src/stm32f0xx_it.o
 .debug_macro   0x00000000000125c5      0x311 Src/system_stm32f0xx.o
 .debug_macro   0x00000000000128d6      0x3e3 Src/task.o
 .debug_macro   0x0000000000012cb9      0x401 Src/touchkey.o
 .debug_macro   0x00000000000130ba      0x3d5 Src/touchsensing.o
 .debug_macro   0x000000000001348f      0x3cb Src/tsl_user.o

.debug_line     0x0000000000000000    0x1228e
 .debug_line    0x0000000000000000      0x9db Drivers/STM32F0xx_HAL_Driver/Src/stm32f0xx_hal.o
 .debug_line    0x00000000000009db      0xa2d Drivers/STM32F0xx_HAL_Driver/Src/stm32f0xx_hal_cortex.o
 .debug_line    0x0000000000001408      0x9e1 Drivers/STM32F0xx_HAL_Driver/Src/stm32f0xx_hal_gpio.o
 .debug_line    0x0000000000001de9      0xabb Drivers/STM32F0xx_HAL_Driver/Src/stm32f0xx_hal_rcc.o
 .debug_line    0x00000000000028a4      0x95c Drivers/STM32F0xx_HAL_Driver/Src/stm32f0xx_hal_rcc_ex.o
 .debug_line    0x0000000000003200     0x1b3a Drivers/STM32F0xx_HAL_Driver/Src/stm32f0xx_hal_tim.o
 .debug_line    0x0000000000004d3a      0xec3 Drivers/STM32F0xx_HAL_Driver/Src/stm32f0xx_hal_tim_ex.o
 .debug_line    0x0000000000005bfd      0xaee Drivers/STM32F0xx_HAL_Driver/Src/stm32f0xx_hal_tsc.o
 .debug_line    0x00000000000066eb     0x11d1 Drivers/STM32F0xx_HAL_Driver/Src/stm32f0xx_hal_uart.o
 .debug_line    0x00000000000078bc      0x9a0 Middlewares/ST/STM32_TouchSensing_Library/src/tsl.o
 .debug_line    0x000000000000825c      0xa6f Middlewares/ST/STM32_TouchSensing_Library/src/tsl_acq.o
 .debug_line    0x0000000000008ccb      0xa7e Middlewares/ST/STM32_TouchSensing_Library/src/tsl_acq_tsc.o
 .debug_line    0x0000000000009749      0x97c Middlewares/ST/STM32_TouchSensing_Library/src/tsl_dxs.o
 .debug_line    0x000000000000a0c5      0xa7b Middlewares/ST/STM32_TouchSensing_Library/src/tsl_ecs.o
 .debug_line    0x000000000000ab40      0x960 Middlewares/ST/STM32_TouchSensing_Library/src/tsl_globals.o
 .debug_line    0x000000000000b4a0      0x9ee Middlewares/ST/STM32_TouchSensing_Library/src/tsl_object.o
 .debug_line    0x000000000000be8e      0x9b4 Middlewares/ST/STM32_TouchSensing_Library/src/tsl_time.o
 .debug_line    0x000000000000c842      0xc77 Middlewares/ST/STM32_TouchSensing_Library/src/tsl_touchkey.o
 .debug_line    0x000000000000d4b9      0xaa2 Src/main.o
 .debug_line    0x000000000000df5b      0x8f5 Src/stm32f0xx_hal_msp.o
 .debug_line    0x000000000000e850      0x966 Src/stm32f0xx_it.o
 .debug_line    0x000000000000f1b6      0x889 Src/system_stm32f0xx.o
 .debug_line    0x000000000000fa3f      0x9bd Src/task.o
 .debug_line    0x00000000000103fc      0xa8d Src/touchkey.o
 .debug_line    0x0000000000010e89      0x99b Src/touchsensing.o
 .debug_line    0x0000000000011824      0x9e5 Src/tsl_user.o
 .debug_line    0x0000000000012209       0x85 Startup/startup_stm32f051c8tx.o

.debug_str      0x0000000000000000    0x5b6e5
 .debug_str     0x0000000000000000    0x54d34 Drivers/STM32F0xx_HAL_Driver/Src/stm32f0xx_hal.o
                                      0x5504a (size before relaxing)
 .debug_str     0x0000000000054d34      0x220 Drivers/STM32F0xx_HAL_Driver/Src/stm32f0xx_hal_cortex.o
                                      0x54f34 (size before relaxing)
 .debug_str     0x0000000000054f54      0x294 Drivers/STM32F0xx_HAL_Driver/Src/stm32f0xx_hal_gpio.o
                                      0x54df4 (size before relaxing)
 .debug_str     0x00000000000551e8      0x345 Drivers/STM32F0xx_HAL_Driver/Src/stm32f0xx_hal_rcc.o
                                      0x54f31 (size before relaxing)
 .debug_str     0x000000000005552d      0x139 Drivers/STM32F0xx_HAL_Driver/Src/stm32f0xx_hal_rcc_ex.o
                                      0x54ca0 (size before relaxing)
 .debug_str     0x0000000000055666     0x10cb Drivers/STM32F0xx_HAL_Driver/Src/stm32f0xx_hal_tim.o
                                      0x55c4d (size before relaxing)
 .debug_str     0x0000000000056731      0x543 Drivers/STM32F0xx_HAL_Driver/Src/stm32f0xx_hal_tim_ex.o
                                      0x55562 (size before relaxing)
 .debug_str     0x0000000000056c74      0x3ad Drivers/STM32F0xx_HAL_Driver/Src/stm32f0xx_hal_tsc.o
                                      0x54efb (size before relaxing)
 .debug_str     0x0000000000057021      0x8e6 Drivers/STM32F0xx_HAL_Driver/Src/stm32f0xx_hal_uart.o
                                      0x55685 (size before relaxing)
 .debug_str     0x0000000000057907     0x17fe Middlewares/ST/STM32_TouchSensing_Library/src/tsl.o
                                      0x56402 (size before relaxing)
 .debug_str     0x0000000000059105      0x1ef Middlewares/ST/STM32_TouchSensing_Library/src/tsl_acq.o
                                      0x5657e (size before relaxing)
 .debug_str     0x00000000000592f4      0x17a Middlewares/ST/STM32_TouchSensing_Library/src/tsl_acq_tsc.o
                                      0x56633 (size before relaxing)
 .debug_str     0x000000000005946e      0x2a0 Middlewares/ST/STM32_TouchSensing_Library/src/tsl_dxs.o
                                      0x565ef (size before relaxing)
 .debug_str     0x000000000005970e      0x1e6 Middlewares/ST/STM32_TouchSensing_Library/src/tsl_ecs.o
                                      0x566e3 (size before relaxing)
 .debug_str     0x00000000000598f4       0x3f Middlewares/ST/STM32_TouchSensing_Library/src/tsl_globals.o
                                      0x56381 (size before relaxing)
 .debug_str     0x0000000000059933       0x8c Middlewares/ST/STM32_TouchSensing_Library/src/tsl_object.o
                                      0x56464 (size before relaxing)
 .debug_str     0x00000000000599bf       0xa6 Middlewares/ST/STM32_TouchSensing_Library/src/tsl_time.o
                                      0x5644b (size before relaxing)
 .debug_str     0x0000000000059a65      0x896 Middlewares/ST/STM32_TouchSensing_Library/src/tsl_touchkey.o
                                      0x56c97 (size before relaxing)
 .debug_str     0x000000000005a2fb      0xf30 Src/main.o
                                      0x57e4f (size before relaxing)
 .debug_str     0x000000000005b22b       0x35 Src/stm32f0xx_hal_msp.o
                                      0x555cd (size before relaxing)
 .debug_str     0x000000000005b260       0x82 Src/stm32f0xx_it.o
                                      0x557dd (size before relaxing)
 .debug_str     0x000000000005b2e2       0x5a Src/system_stm32f0xx.o
                                      0x54b4d (size before relaxing)
 .debug_str     0x000000000005b33c       0x9b Src/task.o
                                      0x570ca (size before relaxing)
 .debug_str     0x000000000005b3d7      0x1ab Src/touchkey.o
                                      0x56bea (size before relaxing)
 .debug_str     0x000000000005b582       0x2b Src/touchsensing.o
                                      0x569d3 (size before relaxing)
 .debug_str     0x000000000005b5ad      0x107 Src/tsl_user.o
                                      0x56b49 (size before relaxing)
 .debug_str     0x000000000005b6b4       0x31 Startup/startup_stm32f051c8tx.o
                                         0x5b (size before relaxing)

.comment        0x0000000000000000       0x7b
 .comment       0x0000000000000000       0x7b Drivers/STM32F0xx_HAL_Driver/Src/stm32f0xx_hal.o
                                         0x7c (size before relaxing)
 .comment       0x000000000000007b       0x7c Drivers/STM32F0xx_HAL_Driver/Src/stm32f0xx_hal_cortex.o
 .comment       0x000000000000007b       0x7c Drivers/STM32F0xx_HAL_Driver/Src/stm32f0xx_hal_gpio.o
 .comment       0x000000000000007b       0x7c Drivers/STM32F0xx_HAL_Driver/Src/stm32f0xx_hal_rcc.o
 .comment       0x000000000000007b       0x7c Drivers/STM32F0xx_HAL_Driver/Src/stm32f0xx_hal_rcc_ex.o
 .comment       0x000000000000007b       0x7c Drivers/STM32F0xx_HAL_Driver/Src/stm32f0xx_hal_tim.o
 .comment       0x000000000000007b       0x7c Drivers/STM32F0xx_HAL_Driver/Src/stm32f0xx_hal_tim_ex.o
 .comment       0x000000000000007b       0x7c Drivers/STM32F0xx_HAL_Driver/Src/stm32f0xx_hal_tsc.o
 .comment       0x000000000000007b       0x7c Drivers/STM32F0xx_HAL_Driver/Src/stm32f0xx_hal_uart.o
 .comment       0x000000000000007b       0x7c Middlewares/ST/STM32_TouchSensing_Library/src/tsl.o
 .comment       0x000000000000007b       0x7c Middlewares/ST/STM32_TouchSensing_Library/src/tsl_acq.o
 .comment       0x000000000000007b       0x7c Middlewares/ST/STM32_TouchSensing_Library/src/tsl_acq_tsc.o
 .comment       0x000000000000007b       0x7c Middlewares/ST/STM32_TouchSensing_Library/src/tsl_dxs.o
 .comment       0x000000000000007b       0x7c Middlewares/ST/STM32_TouchSensing_Library/src/tsl_ecs.o
 .comment       0x000000000000007b       0x7c Middlewares/ST/STM32_TouchSensing_Library/src/tsl_globals.o
 .comment       0x000000000000007b       0x7c Middlewares/ST/STM32_TouchSensing_Library/src/tsl_object.o
 .comment       0x000000000000007b       0x7c Middlewares/ST/STM32_TouchSensing_Library/src/tsl_time.o
 .comment       0x000000000000007b       0x7c Middlewares/ST/STM32_TouchSensing_Library/src/tsl_touchkey.o
 .comment       0x000000000000007b       0x7c Src/main.o
 .comment       0x000000000000007b       0x7c Src/stm32f0xx_hal_msp.o
 .comment       0x000000000000007b       0x7c Src/stm32f0xx_it.o
 .comment       0x000000000000007b       0x7c Src/system_stm32f0xx.o
 .comment       0x000000000000007b       0x7c Src/task.o
 .comment       0x000000000000007b       0x7c Src/touchkey.o
 .comment       0x000000000000007b       0x7c Src/touchsensing.o
 .comment       0x000000000000007b       0x7c Src/tsl_user.o

.debug_frame    0x0000000000000000     0x2ec0
 .debug_frame   0x0000000000000000      0x248 Drivers/STM32F0xx_HAL_Driver/Src/stm32f0xx_hal.o
 .debug_frame   0x0000000000000248      0x2a0 Drivers/STM32F0xx_HAL_Driver/Src/stm32f0xx_hal_cortex.o
 .debug_frame   0x00000000000004e8      0x110 Drivers/STM32F0xx_HAL_Driver/Src/stm32f0xx_hal_gpio.o
 .debug_frame   0x00000000000005f8      0x194 Drivers/STM32F0xx_HAL_Driver/Src/stm32f0xx_hal_rcc.o
 .debug_frame   0x000000000000078c       0x70 Drivers/STM32F0xx_HAL_Driver/Src/stm32f0xx_hal_rcc_ex.o
 .debug_frame   0x00000000000007fc      0xd94 Drivers/STM32F0xx_HAL_Driver/Src/stm32f0xx_hal_tim.o
 .debug_frame   0x0000000000001590      0x4d0 Drivers/STM32F0xx_HAL_Driver/Src/stm32f0xx_hal_tim_ex.o
 .debug_frame   0x0000000000001a60      0x250 Drivers/STM32F0xx_HAL_Driver/Src/stm32f0xx_hal_tsc.o
 .debug_frame   0x0000000000001cb0      0x710 Drivers/STM32F0xx_HAL_Driver/Src/stm32f0xx_hal_uart.o
 .debug_frame   0x00000000000023c0       0x30 Middlewares/ST/STM32_TouchSensing_Library/src/tsl.o
 .debug_frame   0x00000000000023f0       0x78 Middlewares/ST/STM32_TouchSensing_Library/src/tsl_acq.o
 .debug_frame   0x0000000000002468      0x184 Middlewares/ST/STM32_TouchSensing_Library/src/tsl_acq_tsc.o
 .debug_frame   0x00000000000025ec       0x30 Middlewares/ST/STM32_TouchSensing_Library/src/tsl_dxs.o
 .debug_frame   0x000000000000261c       0x74 Middlewares/ST/STM32_TouchSensing_Library/src/tsl_ecs.o
 .debug_frame   0x0000000000002690       0x70 Middlewares/ST/STM32_TouchSensing_Library/src/tsl_object.o
 .debug_frame   0x0000000000002700       0x6c Middlewares/ST/STM32_TouchSensing_Library/src/tsl_time.o
 .debug_frame   0x000000000000276c      0x2a8 Middlewares/ST/STM32_TouchSensing_Library/src/tsl_touchkey.o
 .debug_frame   0x0000000000002a14       0xe4 Src/main.o
 .debug_frame   0x0000000000002af8       0xf0 Src/stm32f0xx_hal_msp.o
 .debug_frame   0x0000000000002be8       0xb8 Src/stm32f0xx_it.o
 .debug_frame   0x0000000000002ca0       0x4c Src/system_stm32f0xx.o
 .debug_frame   0x0000000000002cec       0x70 Src/task.o
 .debug_frame   0x0000000000002d5c       0x2c Src/touchkey.o
 .debug_frame   0x0000000000002d88       0x2c Src/touchsensing.o
 .debug_frame   0x0000000000002db4       0xa0 Src/tsl_user.o
 .debug_frame   0x0000000000002e54       0x2c c:/st/stm32cubeide_1.0.0/stm32cubeide/plugins/com.st.stm32cube.ide.mcu.externaltools.gnu-tools-for-stm32.7-2018-q2-update.win32_1.4.0.202007081208/tools/bin/../lib/gcc/arm-none-eabi/7.3.1/../../../../arm-none-eabi/lib/thumb/v6-m\libc_nano.a(lib_a-init.o)
 .debug_frame   0x0000000000002e80       0x20 c:/st/stm32cubeide_1.0.0/stm32cubeide/plugins/com.st.stm32cube.ide.mcu.externaltools.gnu-tools-for-stm32.7-2018-q2-update.win32_1.4.0.202007081208/tools/bin/../lib/gcc/arm-none-eabi/7.3.1/../../../../arm-none-eabi/lib/thumb/v6-m\libc_nano.a(lib_a-memset.o)
 .debug_frame   0x0000000000002ea0       0x20 c:/st/stm32cubeide_1.0.0/stm32cubeide/plugins/com.st.stm32cube.ide.mcu.externaltools.gnu-tools-for-stm32.7-2018-q2-update.win32_1.4.0.202007081208/tools/bin/../lib/gcc/arm-none-eabi/7.3.1/thumb/v6-m\libgcc.a(_udivsi3.o)
