tsl_touchkey.c:100:6:TSL_tkey_Init	8	static
tsl_touchkey.c:130:6:TSL_tkey_Process	16	static
tsl_touchkey.c:191:6:TSL_tkey_SetStateCalibration	16	static
tsl_touchkey.c:223:6:TSL_tkey_SetStateOff	8	static
tsl_touchkey.c:236:6:TSL_tkey_SetStateBurstOnly	8	static
tsl_touchkey.c:249:20:TSL_tkey_GetStateId	8	static
tsl_touchkey.c:260:22:TSL_tkey_GetStateMask	16	static
tsl_touchkey.c:287:11:TSL_tkey_IsChanged	8	static
tsl_touchkey.c:303:6:TSL_tkey_DebReleaseProxStateProcess	8	static
tsl_touchkey.c:334:6:TSL_tkey_DebReleaseDetectStateProcess	8	static
tsl_touchkey.c:373:6:TSL_tkey_DebReleaseTouchStateProcess	8	static
tsl_touchkey.c:411:6:TSL_tkey_ReleaseStateProcess	8	static
tsl_touchkey.c:483:6:TSL_tkey_DebCalibrationStateProcess	8	static
tsl_touchkey.c:515:6:TSL_tkey_CalibrationStateProcess	16	static
tsl_touchkey.c:597:6:TSL_tkey_DebProxStateProcess	8	static
tsl_touchkey.c:646:6:TSL_tkey_DebProxDetectStateProcess	8	static
tsl_touchkey.c:694:6:TSL_tkey_DebProxTouchStateProcess	8	static
tsl_touchkey.c:742:6:TSL_tkey_ProxStateProcess	8	static
tsl_touchkey.c:818:6:TSL_tkey_DebDetectStateProcess	8	static
tsl_touchkey.c:870:6:TSL_tkey_DetectStateProcess	8	static
tsl_touchkey.c:947:6:TSL_tkey_TouchStateProcess	8	static
tsl_touchkey.c:1023:6:TSL_tkey_DebErrorStateProcess	16	static
tsl_touchkey.c:1077:6:TSL_tkey_DTOGetTime	8	static
