RFID.c:129:6:RFID_getCode	24	static
RFID.c:315:5:Get_FREE_ADD	32	static
RFID.c:342:5:Get_FREE_ADD_PASS	32	static
RFID.c:371:9:Get_USER_Card_nn	16	static
RFID.c:383:6:checksum	16	static
RFID.c:391:9:Update_USER_Card_nn	16	static
RFID.c:409:10:New_Card	16	static
RFID.c:433:19:Card_Authentication	40	static
RFID.c:472:6:Delete_AllCard	16	static
RFID.c:491:19:Delete_Card	32	static
RFID.c:510:19:IS_Admin_Card	16	static
RFID.c:529:9:Get_Admin_Card_nn	8	static
RFID.c:543:6:Set_Admin_Card	16	static
RFID.c:558:9:Get_USER_Pass_nn	16	static
RFID.c:574:9:Update_USER_Pass_nn	16	static
RFID.c:591:9:New_Pass	24	static
RFID.c:612:6:Delete_AllPass	16	static
RFID.c:635:19:Delete_Pass	32	static
RFID.c:657:19:IS_Admin_Pass	24	static
RFID.c:678:19:Pass_Authentication	24	static
RFID.c:707:19:Change_Password	32	static
RFID.c:726:9:Get_Admin_Pass_nn	16	static
RFID.c:741:6:Set_Admin_Pass	24	static
